<html>
<body>
<pre>
<h1>µVision Build Log</h1>
<h2>Tool Versions:</h2>
IDE-Version: ¦ÌVision V5.25.3.0
Copyright (C) 2018 ARM Ltd and ARM Germany GmbH. All rights reserved.
License Information: xinjian han, han, LIC=P6FVE-58ECM-22ZL4-FZ12J-0WQZ5-3D2T9
 
Tool Versions:
Toolchain:       MDK-ARM Professional  Version: 5.24.1
Toolchain Path:  C:\myProgramFile\keil\ARM\ARMCC\Bin
C Compiler:      Armcc.exe V5.06 update 5 (build 528)
Assembler:       Armasm.exe V5.06 update 5 (build 528)
Linker/Locator:  ArmLink.exe V5.06 update 5 (build 528)
Library Manager: ArmAr.exe V5.06 update 5 (build 528)
Hex Converter:   FromElf.exe V5.06 update 5 (build 528)
CPU DLL:         SARMCM3.DLL V5.24.1
Dialog DLL:      DARMSTM.DLL V1.68.0.0
Target DLL:      STLink\ST-LINKIII-KEIL_SWO.dll V3.0.1.0
Dialog DLL:      TARMSTM.DLL V1.66.0.0
 
<h2>Project:</h2>
C:\Users\mi\Desktop\LoraPro\LORA\USER\LORA.uvprojx
Project File Date:  05/29/2019

<h2>Output:</h2>
*** Using Compiler 'V5.06 update 5 (build 528)', folder: 'C:\myProgramFile\keil\ARM\ARMCC\Bin'
Rebuild target 'LORA'
compiling spi.c...
compiling led.c...
compiling stm32f10x_it.c...
compiling key.c...
compiling system_stm32f10x.c...
compiling main.c...
compiling lcd.c...
compiling 24cxx.c...
compiling ctiic.c...
compiling w25qxx.c...
compiling myiic.c...
compiling ft5206.c...
compiling sdio_sdcard.c...
compiling gt9147.c...
compiling timer.c...
compiling ott2001a.c...
compiling usart3.c...
compiling lsens.c...
compiling touch.c...
compiling beep.c...
compiling adc.c...
assembling startup_stm32f10x_hd.s...
compiling core_cm3.c...
compiling usart.c...
compiling delay.c...
compiling sys.c...
compiling misc.c...
compiling stm32f10x_gpio.c...
compiling stm32f10x_fsmc.c...
compiling stm32f10x_rcc.c...
compiling stm32f10x_spi.c...
compiling stm32f10x_usart.c...
compiling stm32f10x_sdio.c...
compiling stm32f10x_dma.c...
compiling stm32f10x_exti.c...
compiling malloc.c...
compiling stm32f10x_tim.c...
compiling diskio.c...
compiling ff.c...
compiling exfuns.c...
compiling mycc936.c...
compiling usmart_config.c...
compiling fattester.c...
compiling usmart.c...
compiling usmart_str.c...
compiling text.c...
compiling fontupd.c...
compiling lora_app.c...
compiling humanbodyinduction.c...
compiling dashboard.c...
compiling lora_ui.c...
compiling cJSON.c...
..\cJSON\cJSON.c(55): warning:  #1293-D: assignment in condition
        if (!(copy = (char*)cJSON_malloc(len))) return 0;
..\cJSON\cJSON.c(278): warning:  #1293-D: assignment in condition
  	ptr=str;while ((token=*ptr) && ++len) {if (strchr("\"\\\b\f\n\r\t",token)) len++; else if (token<32) len+=5;ptr++;}
..\cJSON\cJSON.c(352): warning:  #111-D: statement is unreachable
  	return p.buffer;
..\cJSON\cJSON.c(423): warning:  #1293-D: assignment in condition
  		if (!(new_item=cJSON_New_Item())) return 0; 	/* memory fail */
..\cJSON\cJSON.c(535): warning:  #1293-D: assignment in condition
  		if (!(new_item=cJSON_New_Item()))	return 0; /* memory fail */
..\cJSON\cJSON.c: 5 warnings, 0 errors
compiling rgbled.c...
linking...
Program Size: Code=96020 RO-data=8888 RW-data=716 ZI-data=1096716  
FromELF: creating hex file...
"..\OBJ\LORA.axf" - 0 Error(s), 5 Warning(s).

<h2>Software Packages used:</h2>

Package Vendor: Keil
                http://www.keil.com/pack/Keil.STM32F1xx_DFP.1.0.5.pack
                Keil.STM32F1xx_DFP.1.0.5
                STMicroelectronics STM32F1 Series Device Support, Drivers and Examples

<h2>Collection of Component include folders:</h2>
  .\RTE\_LORA
  C:\myProgramFile\keil\ARM\PACK\Keil\STM32F1xx_DFP\1.0.5\Device\Include

<h2>Collection of Component Files used:</h2>
Build Time Elapsed:  00:00:08
</pre>
</body>
</html>
