Component: ARM Compiler 5.06 update 5 (build 528) Tool: armlink [4d35e2]

==============================================================================

Section Cross References

    main.o(.text) refers to delay.o(.text) for delay_init
    main.o(.text) refers to misc.o(.text) for NVIC_PriorityGroupConfig
    main.o(.text) refers to usart.o(.text) for uart_init
    main.o(.text) refers to lcd.o(.text) for LCD_Init
    main.o(.text) refers to led.o(.text) for LED_Init
    main.o(.text) refers to key.o(.text) for KEY_Init
    main.o(.text) refers to w25qxx.o(.text) for W25QXX_Init
    main.o(.text) refers to malloc.o(.text) for my_mem_init
    main.o(.text) refers to exfuns.o(.text) for exfuns_init
    main.o(.text) refers to ff.o(.text) for f_mount
    main.o(.text) refers to touch.o(.text) for TP_Adjust
    main.o(.text) refers to fontupd.o(.text) for font_init
    main.o(.text) refers to sdio_sdcard.o(.text) for SD_Init
    main.o(.text) refers to text.o(.text) for Show_Str
    main.o(.text) refers to lora_app.o(.text) for LoRa_Init
    main.o(.text) refers to beep.o(.text) for BEEP_Init
    main.o(.text) refers to rgbled.o(.text) for rgb_led_init
    main.o(.text) refers to lsens.o(.text) for Lsens_Init
    main.o(.text) refers to dashboard.o(.text) for init_data
    main.o(.text) refers to humanbodyinduction.o(.text) for human_body_induction_init
    main.o(.text) refers to touch.o(.data) for tp_dev
    main.o(.text) refers to exfuns.o(.data) for fs
    main.o(.text) refers to lcd.o(.data) for POINT_COLOR
    system_stm32f10x.o(.text) refers to system_stm32f10x.o(.data) for SystemCoreClock
    led.o(.text) refers to stm32f10x_rcc.o(.text) for RCC_APB2PeriphClockCmd
    led.o(.text) refers to stm32f10x_gpio.o(.text) for GPIO_Init
    key.o(.text) refers to stm32f10x_rcc.o(.text) for RCC_APB2PeriphClockCmd
    key.o(.text) refers to stm32f10x_gpio.o(.text) for GPIO_Init
    key.o(.text) refers to delay.o(.text) for delay_ms
    key.o(.text) refers to key.o(.data) for key_up
    lcd.o(.text) refers to delay.o(.text) for delay_us
    lcd.o(.text) refers to lcd.o(.bss) for lcddev
    lcd.o(.text) refers to lcd.o(.data) for POINT_COLOR
    lcd.o(.text) refers to dfltui.o(.text) for __aeabi_ui2d
    lcd.o(.text) refers to dmul.o(.text) for __aeabi_dmul
    lcd.o(.text) refers to dfixui.o(.text) for __aeabi_d2uiz
    lcd.o(.text) refers to stm32f10x_rcc.o(.text) for RCC_AHBPeriphClockCmd
    lcd.o(.text) refers to stm32f10x_gpio.o(.text) for GPIO_Init
    lcd.o(.text) refers to stm32f10x_fsmc.o(.text) for FSMC_NORSRAMInit
    lcd.o(.text) refers to printfa.o(i.__0printf) for __2printf
    lcd.o(.text) refers to lcd.o(.constdata) for asc2_1206
    spi.o(.text) refers to stm32f10x_spi.o(.text) for SPI_I2S_GetFlagStatus
    spi.o(.text) refers to stm32f10x_rcc.o(.text) for RCC_APB2PeriphClockCmd
    spi.o(.text) refers to stm32f10x_gpio.o(.text) for GPIO_Init
    w25qxx.o(.text) refers to spi.o(.text) for SPI2_ReadWriteByte
    w25qxx.o(.text) refers to stm32f10x_rcc.o(.text) for RCC_APB2PeriphClockCmd
    w25qxx.o(.text) refers to stm32f10x_gpio.o(.text) for GPIO_Init
    w25qxx.o(.text) refers to printfa.o(i.__0printf) for __2printf
    w25qxx.o(.text) refers to delay.o(.text) for delay_us
    w25qxx.o(.text) refers to w25qxx.o(.data) for W25QXX_TYPE
    w25qxx.o(.text) refers to w25qxx.o(.bss) for W25QXX_BUFFER
    sdio_sdcard.o(.text) refers to stm32f10x_sdio.o(.text) for SDIO_GetFlagStatus
    sdio_sdcard.o(.text) refers to sdio_sdcard.o(.data) for DeviceMode
    sdio_sdcard.o(.text) refers to sdio_sdcard.o(.bss) for SDIO_CmdInitStructure
    sdio_sdcard.o(.text) refers to stm32f10x_rcc.o(.text) for RCC_APB2PeriphClockCmd
    sdio_sdcard.o(.text) refers to stm32f10x_gpio.o(.text) for GPIO_Init
    sdio_sdcard.o(.text) refers to misc.o(.text) for NVIC_Init
    sdio_sdcard.o(.text) refers to stm32f10x_dma.o(.text) for DMA_DeInit
    sdio_sdcard.o(.text) refers to sys.o(.text) for INTX_DISABLE
    sdio_sdcard.o(.text) refers to memcpya.o(.text) for __aeabi_memcpy
    24cxx.o(.text) refers to myiic.o(.text) for IIC_Init
    24cxx.o(.text) refers to delay.o(.text) for delay_ms
    myiic.o(.text) refers to stm32f10x_rcc.o(.text) for RCC_APB2PeriphClockCmd
    myiic.o(.text) refers to stm32f10x_gpio.o(.text) for GPIO_Init
    myiic.o(.text) refers to delay.o(.text) for delay_us
    ctiic.o(.text) refers to delay.o(.text) for delay_us
    ctiic.o(.text) refers to stm32f10x_rcc.o(.text) for RCC_APB2PeriphClockCmd
    ctiic.o(.text) refers to stm32f10x_gpio.o(.text) for GPIO_Init
    ft5206.o(.text) refers to ctiic.o(.text) for CT_IIC_Start
    ft5206.o(.text) refers to stm32f10x_rcc.o(.text) for RCC_APB2PeriphClockCmd
    ft5206.o(.text) refers to stm32f10x_gpio.o(.text) for GPIO_Init
    ft5206.o(.text) refers to delay.o(.text) for delay_ms
    ft5206.o(.text) refers to printfa.o(i.__0printf) for __2printf
    ft5206.o(.text) refers to ft5206.o(.data) for t
    ft5206.o(.text) refers to touch.o(.data) for tp_dev
[...]
    DMA1_Channel1_IRQHandler                 0x08009cdb   Thumb Code     0  startup_stm32f10x_hd.o(.text)
    DMA1_Channel2_IRQHandler                 0x08009cdb   Thumb Code     0  startup_stm32f10x_hd.o(.text)
    DMA1_Channel3_IRQHandler                 0x08009cdb   Thumb Code     0  startup_stm32f10x_hd.o(.text)
    DMA1_Channel4_IRQHandler                 0x08009cdb   Thumb Code     0  startup_stm32f10x_hd.o(.text)
    DMA1_Channel5_IRQHandler                 0x08009cdb   Thumb Code     0  startup_stm32f10x_hd.o(.text)
    DMA1_Channel6_IRQHandler                 0x08009cdb   Thumb Code     0  startup_stm32f10x_hd.o(.text)
    DMA1_Channel7_IRQHandler                 0x08009cdb   Thumb Code     0  startup_stm32f10x_hd.o(.text)
    DMA2_Channel1_IRQHandler                 0x08009cdb   Thumb Code     0  startup_stm32f10x_hd.o(.text)
    DMA2_Channel2_IRQHandler                 0x08009cdb   Thumb Code     0  startup_stm32f10x_hd.o(.text)
    DMA2_Channel3_IRQHandler                 0x08009cdb   Thumb Code     0  startup_stm32f10x_hd.o(.text)
    DMA2_Channel4_5_IRQHandler               0x08009cdb   Thumb Code     0  startup_stm32f10x_hd.o(.text)
    EXTI0_IRQHandler                         0x08009cdb   Thumb Code     0  startup_stm32f10x_hd.o(.text)
    EXTI15_10_IRQHandler                     0x08009cdb   Thumb Code     0  startup_stm32f10x_hd.o(.text)
    EXTI2_IRQHandler                         0x08009cdb   Thumb Code     0  startup_stm32f10x_hd.o(.text)
    EXTI3_IRQHandler                         0x08009cdb   Thumb Code     0  startup_stm32f10x_hd.o(.text)
    EXTI9_5_IRQHandler                       0x08009cdb   Thumb Code     0  startup_stm32f10x_hd.o(.text)
    FLASH_IRQHandler                         0x08009cdb   Thumb Code     0  startup_stm32f10x_hd.o(.text)
    FSMC_IRQHandler                          0x08009cdb   Thumb Code     0  startup_stm32f10x_hd.o(.text)
    I2C1_ER_IRQHandler                       0x08009cdb   Thumb Code     0  startup_stm32f10x_hd.o(.text)
    I2C1_EV_IRQHandler                       0x08009cdb   Thumb Code     0  startup_stm32f10x_hd.o(.text)
    I2C2_ER_IRQHandler                       0x08009cdb   Thumb Code     0  startup_stm32f10x_hd.o(.text)
    I2C2_EV_IRQHandler                       0x08009cdb   Thumb Code     0  startup_stm32f10x_hd.o(.text)
    PVD_IRQHandler                           0x08009cdb   Thumb Code     0  startup_stm32f10x_hd.o(.text)
    RCC_IRQHandler                           0x08009cdb   Thumb Code     0  startup_stm32f10x_hd.o(.text)
    RTCAlarm_IRQHandler                      0x08009cdb   Thumb Code     0  startup_stm32f10x_hd.o(.text)
    RTC_IRQHandler                           0x08009cdb   Thumb Code     0  startup_stm32f10x_hd.o(.text)
    SPI1_IRQHandler                          0x08009cdb   Thumb Code     0  startup_stm32f10x_hd.o(.text)
    SPI2_IRQHandler                          0x08009cdb   Thumb Code     0  startup_stm32f10x_hd.o(.text)
    SPI3_IRQHandler                          0x08009cdb   Thumb Code     0  startup_stm32f10x_hd.o(.text)
    TAMPER_IRQHandler                        0x08009cdb   Thumb Code     0  startup_stm32f10x_hd.o(.text)
    TIM1_BRK_IRQHandler                      0x08009cdb   Thumb Code     0  startup_stm32f10x_hd.o(.text)
    TIM1_CC_IRQHandler                       0x08009cdb   Thumb Code     0  startup_stm32f10x_hd.o(.text)
    TIM1_TRG_COM_IRQHandler                  0x08009cdb   Thumb Code     0  startup_stm32f10x_hd.o(.text)
    TIM1_UP_IRQHandler                       0x08009cdb   Thumb Code     0  startup_stm32f10x_hd.o(.text)
    TIM2_IRQHandler                          0x08009cdb   Thumb Code     0  startup_stm32f10x_hd.o(.text)
    TIM3_IRQHandler                          0x08009cdb   Thumb Code     0  startup_stm32f10x_hd.o(.text)
    TIM5_IRQHandler                          0x08009cdb   Thumb Code     0  startup_stm32f10x_hd.o(.text)
    TIM8_BRK_IRQHandler                      0x08009cdb   Thumb Code     0  startup_stm32f10x_hd.o(.text)
    TIM8_CC_IRQHandler                       0x08009cdb   Thumb Code     0  startup_stm32f10x_hd.o(.text)
    TIM8_TRG_COM_IRQHandler                  0x08009cdb   Thumb Code     0  startup_stm32f10x_hd.o(.text)
    TIM8_UP_IRQHandler                       0x08009cdb   Thumb Code     0  startup_stm32f10x_hd.o(.text)
    UART4_IRQHandler                         0x08009cdb   Thumb Code     0  startup_stm32f10x_hd.o(.text)
    UART5_IRQHandler                         0x08009cdb   Thumb Code     0  startup_stm32f10x_hd.o(.text)
    USART2_IRQHandler                        0x08009cdb   Thumb Code     0  startup_stm32f10x_hd.o(.text)
    USBWakeUp_IRQHandler                     0x08009cdb   Thumb Code     0  startup_stm32f10x_hd.o(.text)
    USB_HP_CAN1_TX_IRQHandler                0x08009cdb   Thumb Code     0  startup_stm32f10x_hd.o(.text)
    USB_LP_CAN1_RX0_IRQHandler               0x08009cdb   Thumb Code     0  startup_stm32f10x_hd.o(.text)
    WWDG_IRQHandler                          0x08009cdb   Thumb Code     0  startup_stm32f10x_hd.o(.text)
    NVIC_PriorityGroupConfig                 0x08009ce5   Thumb Code    10  misc.o(.text)
    NVIC_Init                                0x08009cef   Thumb Code   100  misc.o(.text)
    NVIC_SetVectorTable                      0x08009d53   Thumb Code    14  misc.o(.text)
    NVIC_SystemLPConfig                      0x08009d61   Thumb Code    34  misc.o(.text)
    SysTick_CLKSourceConfig                  0x08009d83   Thumb Code    40  misc.o(.text)
    FSMC_NORSRAMDeInit                       0x08009dc1   Thumb Code    54  stm32f10x_fsmc.o(.text)
    FSMC_NANDDeInit                          0x08009df7   Thumb Code    62  stm32f10x_fsmc.o(.text)
    FSMC_PCCARDDeInit                        0x08009e35   Thumb Code    36  stm32f10x_fsmc.o(.text)
    FSMC_NORSRAMInit                         0x08009e59   Thumb Code   230  stm32f10x_fsmc.o(.text)
    FSMC_NANDInit                            0x08009f3f   Thumb Code   132  stm32f10x_fsmc.o(.text)
    FSMC_PCCARDInit                          0x08009fc3   Thumb Code   130  stm32f10x_fsmc.o(.text)
    FSMC_NORSRAMStructInit                   0x0800a045   Thumb Code   114  stm32f10x_fsmc.o(.text)
    FSMC_NANDStructInit                      0x0800a0b7   Thumb Code    54  stm32f10x_fsmc.o(.text)
    FSMC_PCCARDStructInit                    0x0800a0ed   Thumb Code    60  stm32f10x_fsmc.o(.text)
    FSMC_NORSRAMCmd                          0x0800a129   Thumb Code    46  stm32f10x_fsmc.o(.text)
    FSMC_NANDCmd                             0x0800a157   Thumb Code    86  stm32f10x_fsmc.o(.text)
    FSMC_PCCARDCmd                           0x0800a1ad   Thumb Code    44  stm32f10x_fsmc.o(.text)
    FSMC_NANDECCCmd                          0x0800a1d9   Thumb Code    90  stm32f10x_fsmc.o(.text)
    FSMC_GetECC                              0x0800a233   Thumb Code    24  stm32f10x_fsmc.o(.text)
    FSMC_ITConfig                            0x0800a24b   Thumb Code   128  stm32f10x_fsmc.o(.text)
    FSMC_GetFlagStatus                       0x0800a2cb   Thumb Code    54  stm32f10x_fsmc.o(.text)
    FSMC_ClearFlag                           0x0800a301   Thumb Code    62  stm32f10x_fsmc.o(.text)
    FSMC_GetITStatus                         0x0800a33f   Thumb Code    64  stm32f10x_fsmc.o(.text)
    FSMC_ClearITPendingBit                   0x0800a37f   Thumb Code    68  stm32f10x_fsmc.o(.text)
    GPIO_DeInit                              0x0800a3cd   Thumb Code   172  stm32f10x_gpio.o(.text)
    GPIO_AFIODeInit                          0x0800a479   Thumb Code    20  stm32f10x_gpio.o(.text)
    GPIO_Init                                0x0800a48d   Thumb Code   278  stm32f10x_gpio.o(.text)
    GPIO_StructInit                          0x0800a5a3   Thumb Code    16  stm32f10x_gpio.o(.text)
    GPIO_ReadInputDataBit                    0x0800a5b3   Thumb Code    18  stm32f10x_gpio.o(.text)
    GPIO_ReadInputData                       0x0800a5c5   Thumb Code     8  stm32f10x_gpio.o(.text)
    GPIO_ReadOutputDataBit                   0x0800a5cd   Thumb Code    18  stm32f10x_gpio.o(.text)
    GPIO_ReadOutputData                      0x0800a5df   Thumb Code     8  stm32f10x_gpio.o(.text)
    GPIO_SetBits                             0x0800a5e7   Thumb Code     4  stm32f10x_gpio.o(.text)
    GPIO_ResetBits                           0x0800a5eb   Thumb Code     4  stm32f10x_gpio.o(.text)
    GPIO_WriteBit                            0x0800a5ef   Thumb Code    10  stm32f10x_gpio.o(.text)
    GPIO_Write                               0x0800a5f9   Thumb Code     4  stm32f10x_gpio.o(.text)
    GPIO_PinLockConfig                       0x0800a5fd   Thumb Code    18  stm32f10x_gpio.o(.text)
    GPIO_EventOutputConfig                   0x0800a60f   Thumb Code    26  stm32f10x_gpio.o(.text)
    GPIO_EventOutputCmd                      0x0800a629   Thumb Code     6  stm32f10x_gpio.o(.text)
    GPIO_PinRemapConfig                      0x0800a62f   Thumb Code   138  stm32f10x_gpio.o(.text)
    GPIO_EXTILineConfig                      0x0800a6b9   Thumb Code    66  stm32f10x_gpio.o(.text)
    GPIO_ETH_MediaInterfaceConfig            0x0800a6fb   Thumb Code     8  stm32f10x_gpio.o(.text)
    RCC_DeInit                               0x0800a729   Thumb Code    64  stm32f10x_rcc.o(.text)
    RCC_HSEConfig                            0x0800a769   Thumb Code    70  stm32f10x_rcc.o(.text)
    RCC_GetFlagStatus                        0x0800a7af   Thumb Code    56  stm32f10x_rcc.o(.text)
    RCC_WaitForHSEStartUp                    0x0800a7e7   Thumb Code    56  stm32f10x_rcc.o(.text)
    RCC_AdjustHSICalibrationValue            0x0800a81f   Thumb Code    20  stm32f10x_rcc.o(.text)
    RCC_HSICmd                               0x0800a833   Thumb Code     6  stm32f10x_rcc.o(.text)
    RCC_PLLConfig                            0x0800a839   Thumb Code    24  stm32f10x_rcc.o(.text)
    RCC_PLLCmd                               0x0800a851   Thumb Code     6  stm32f10x_rcc.o(.text)
    RCC_SYSCLKConfig                         0x0800a857   Thumb Code    18  stm32f10x_rcc.o(.text)
    RCC_GetSYSCLKSource                      0x0800a869   Thumb Code    10  stm32f10x_rcc.o(.text)
    RCC_HCLKConfig                           0x0800a873   Thumb Code    18  stm32f10x_rcc.o(.text)
    RCC_PCLK1Config                          0x0800a885   Thumb Code    18  stm32f10x_rcc.o(.text)
    RCC_PCLK2Config                          0x0800a897   Thumb Code    20  stm32f10x_rcc.o(.text)
    RCC_ITConfig                             0x0800a8ab   Thumb Code    26  stm32f10x_rcc.o(.text)
    RCC_USBCLKConfig                         0x0800a8c5   Thumb Code     8  stm32f10x_rcc.o(.text)
    RCC_ADCCLKConfig                         0x0800a8cd   Thumb Code    18  stm32f10x_rcc.o(.text)
    RCC_LSEConfig                            0x0800a8df   Thumb Code    50  stm32f10x_rcc.o(.text)
    RCC_LSICmd                               0x0800a911   Thumb Code     6  stm32f10x_rcc.o(.text)
    RCC_RTCCLKConfig                         0x0800a917   Thumb Code    12  stm32f10x_rcc.o(.text)
    RCC_RTCCLKCmd                            0x0800a923   Thumb Code     8  stm32f10x_rcc.o(.text)
    RCC_GetClocksFreq                        0x0800a92b   Thumb Code   192  stm32f10x_rcc.o(.text)
    RCC_AHBPeriphClockCmd                    0x0800a9eb   Thumb Code    26  stm32f10x_rcc.o(.text)
    RCC_APB2PeriphClockCmd                   0x0800aa05   Thumb Code    26  stm32f10x_rcc.o(.text)
    RCC_APB1PeriphClockCmd                   0x0800aa1f   Thumb Code    26  stm32f10x_rcc.o(.text)
    RCC_APB2PeriphResetCmd                   0x0800aa39   Thumb Code    26  stm32f10x_rcc.o(.text)
    RCC_APB1PeriphResetCmd                   0x0800aa53   Thumb Code    26  stm32f10x_rcc.o(.text)
    RCC_BackupResetCmd                       0x0800aa6d   Thumb Code     8  stm32f10x_rcc.o(.text)
    RCC_ClockSecuritySystemCmd               0x0800aa75   Thumb Code     6  stm32f10x_rcc.o(.text)
    RCC_MCOConfig                            0x0800aa7b   Thumb Code     6  stm32f10x_rcc.o(.text)
    RCC_ClearFlag                            0x0800aa81   Thumb Code    14  stm32f10x_rcc.o(.text)
    RCC_GetITStatus                          0x0800aa8f   Thumb Code    20  stm32f10x_rcc.o(.text)
    RCC_ClearITPendingBit                    0x0800aaa3   Thumb Code     6  stm32f10x_rcc.o(.text)
    SPI_I2S_DeInit                           0x0800aacd   Thumb Code    76  stm32f10x_spi.o(.text)
    SPI_Init                                 0x0800ab19   Thumb Code    60  stm32f10x_spi.o(.text)
    I2S_Init                                 0x0800ab55   Thumb Code   226  stm32f10x_spi.o(.text)
    SPI_StructInit                           0x0800ac37   Thumb Code    24  stm32f10x_spi.o(.text)
    I2S_StructInit                           0x0800ac4f   Thumb Code    20  stm32f10x_spi.o(.text)
    SPI_Cmd                                  0x0800ac63   Thumb Code    24  stm32f10x_spi.o(.text)
    I2S_Cmd                                  0x0800ac7b   Thumb Code    24  stm32f10x_spi.o(.text)
    SPI_I2S_ITConfig                         0x0800ac93   Thumb Code    32  stm32f10x_spi.o(.text)
    SPI_I2S_DMACmd                           0x0800acb3   Thumb Code    18  stm32f10x_spi.o(.text)
    SPI_I2S_SendData                         0x0800acc5   Thumb Code     4  stm32f10x_spi.o(.text)
    SPI_I2S_ReceiveData                      0x0800acc9   Thumb Code     6  stm32f10x_spi.o(.text)
    SPI_NSSInternalSoftwareConfig            0x0800accf   Thumb Code    30  stm32f10x_spi.o(.text)
    SPI_SSOutputCmd                          0x0800aced   Thumb Code    24  stm32f10x_spi.o(.text)
    SPI_DataSizeConfig                       0x0800ad05   Thumb Code    18  stm32f10x_spi.o(.text)
    SPI_TransmitCRC                          0x0800ad17   Thumb Code    10  stm32f10x_spi.o(.text)
    SPI_CalculateCRC                         0x0800ad21   Thumb Code    24  stm32f10x_spi.o(.text)
    SPI_GetCRC                               0x0800ad39   Thumb Code    16  stm32f10x_spi.o(.text)
    SPI_GetCRCPolynomial                     0x0800ad49   Thumb Code     6  stm32f10x_spi.o(.text)
    SPI_BiDirectionalLineConfig              0x0800ad4f   Thumb Code    28  stm32f10x_spi.o(.text)
    SPI_I2S_GetFlagStatus                    0x0800ad6b   Thumb Code    18  stm32f10x_spi.o(.text)
    SPI_I2S_ClearFlag                        0x0800ad7d   Thumb Code     6  stm32f10x_spi.o(.text)
    SPI_I2S_GetITStatus                      0x0800ad83   Thumb Code    52  stm32f10x_spi.o(.text)
    SPI_I2S_ClearITPendingBit                0x0800adb7   Thumb Code    20  stm32f10x_spi.o(.text)
    USART_DeInit                             0x0800add9   Thumb Code   134  stm32f10x_usart.o(.text)
    USART_Init                               0x0800ae5f   Thumb Code   210  stm32f10x_usart.o(.text)
    USART_StructInit                         0x0800af31   Thumb Code    24  stm32f10x_usart.o(.text)
    USART_ClockInit                          0x0800af49   Thumb Code    34  stm32f10x_usart.o(.text)
    USART_ClockStructInit                    0x0800af6b   Thumb Code    12  stm32f10x_usart.o(.text)
    USART_Cmd                                0x0800af77   Thumb Code    24  stm32f10x_usart.o(.text)
    USART_ITConfig                           0x0800af8f   Thumb Code    74  stm32f10x_usart.o(.text)
    USART_DMACmd                             0x0800afd9   Thumb Code    18  stm32f10x_usart.o(.text)
    USART_SetAddress                         0x0800afeb   Thumb Code    18  stm32f10x_usart.o(.text)
    USART_WakeUpConfig                       0x0800affd   Thumb Code    18  stm32f10x_usart.o(.text)
    USART_ReceiverWakeUpCmd                  0x0800b00f   Thumb Code    24  stm32f10x_usart.o(.text)
    USART_LINBreakDetectLengthConfig         0x0800b027   Thumb Code    18  stm32f10x_usart.o(.text)
    USART_LINCmd                             0x0800b039   Thumb Code    24  stm32f10x_usart.o(.text)
    USART_SendData                           0x0800b051   Thumb Code     8  stm32f10x_usart.o(.text)
    USART_ReceiveData                        0x0800b059   Thumb Code    10  stm32f10x_usart.o(.text)
    USART_SendBreak                          0x0800b063   Thumb Code    10  stm32f10x_usart.o(.text)
    USART_SetGuardTime                       0x0800b06d   Thumb Code    16  stm32f10x_usart.o(.text)
    USART_SetPrescaler                       0x0800b07d   Thumb Code    16  stm32f10x_usart.o(.text)
    USART_SmartCardCmd                       0x0800b08d   Thumb Code    24  stm32f10x_usart.o(.text)
    USART_SmartCardNACKCmd                   0x0800b0a5   Thumb Code    24  stm32f10x_usart.o(.text)
    USART_HalfDuplexCmd                      0x0800b0bd   Thumb Code    24  stm32f10x_usart.o(.text)
    USART_OverSampling8Cmd                   0x0800b0d5   Thumb Code    22  stm32f10x_usart.o(.text)
    USART_OneBitMethodCmd                    0x0800b0eb   Thumb Code    24  stm32f10x_usart.o(.text)
    USART_IrDAConfig                         0x0800b103   Thumb Code    18  stm32f10x_usart.o(.text)
    USART_IrDACmd                            0x0800b115   Thumb Code    24  stm32f10x_usart.o(.text)
    USART_GetFlagStatus                      0x0800b12d   Thumb Code    26  stm32f10x_usart.o(.text)
    USART_ClearFlag                          0x0800b147   Thumb Code    18  stm32f10x_usart.o(.text)
    USART_GetITStatus                        0x0800b159   Thumb Code    84  stm32f10x_usart.o(.text)
    USART_ClearITPendingBit                  0x0800b1ad   Thumb Code    52  stm32f10x_usart.o(.text)
    TIM_DeInit                               0x0800b1e1   Thumb Code   424  stm32f10x_tim.o(.text)
    TIM_TimeBaseInit                         0x0800b389   Thumb Code   122  stm32f10x_tim.o(.text)
    TIM_OC1Init                              0x0800b403   Thumb Code   132  stm32f10x_tim.o(.text)
    TIM_OC2Init                              0x0800b487   Thumb Code   154  stm32f10x_tim.o(.text)
    TIM_OC3Init                              0x0800b521   Thumb Code   150  stm32f10x_tim.o(.text)
    TIM_OC4Init                              0x0800b5b7   Thumb Code   182  stm32f10x_tim.o(.text)
    TIM_SetIC4Prescaler                      0x0800b66d   Thumb Code    26  stm32f10x_tim.o(.text)
    TIM_SetIC3Prescaler                      0x0800b709   Thumb Code    18  stm32f10x_tim.o(.text)
    TIM_SetIC2Prescaler                      0x0800b795   Thumb Code    26  stm32f10x_tim.o(.text)
    TIM_SetIC1Prescaler                      0x0800b831   Thumb Code    18  stm32f10x_tim.o(.text)
    TIM_ICInit                               0x0800b8af   Thumb Code   150  stm32f10x_tim.o(.text)
    TIM_PWMIConfig                           0x0800b945   Thumb Code   124  stm32f10x_tim.o(.text)
    TIM_BDTRConfig                           0x0800b9c1   Thumb Code    32  stm32f10x_tim.o(.text)
    TIM_TimeBaseStructInit                   0x0800b9e1   Thumb Code    18  stm32f10x_tim.o(.text)
    TIM_OCStructInit                         0x0800b9f3   Thumb Code    20  stm32f10x_tim.o(.text)
    TIM_ICStructInit                         0x0800ba07   Thumb Code    18  stm32f10x_tim.o(.text)
    TIM_BDTRStructInit                       0x0800ba19   Thumb Code    40  stm32f10x_tim.o(.text)
    TIM_Cmd                                  0x0800ba41   Thumb Code    24  stm32f10x_tim.o(.text)
    TIM_CtrlPWMOutputs                       0x0800ba59   Thumb Code    30  stm32f10x_tim.o(.text)
    TIM_ITConfig                             0x0800ba77   Thumb Code    18  stm32f10x_tim.o(.text)
    TIM_GenerateEvent                        0x0800ba89   Thumb Code     4  stm32f10x_tim.o(.text)
    TIM_DMAConfig                            0x0800ba8d   Thumb Code    10  stm32f10x_tim.o(.text)
    TIM_DMACmd                               0x0800ba97   Thumb Code    18  stm32f10x_tim.o(.text)
    TIM_InternalClockConfig                  0x0800baa9   Thumb Code    12  stm32f10x_tim.o(.text)
    TIM_SelectInputTrigger                   0x0800bab5   Thumb Code    18  stm32f10x_tim.o(.text)
    TIM_ITRxExternalClockConfig              0x0800bac7   Thumb Code    24  stm32f10x_tim.o(.text)
    TIM_TIxExternalClockConfig               0x0800badf   Thumb Code    62  stm32f10x_tim.o(.text)
    TIM_ETRConfig                            0x0800bb1d   Thumb Code    28  stm32f10x_tim.o(.text)
    TIM_ETRClockMode1Config                  0x0800bb39   Thumb Code    54  stm32f10x_tim.o(.text)
    TIM_ETRClockMode2Config                  0x0800bb6f   Thumb Code    32  stm32f10x_tim.o(.text)
    TIM_PrescalerConfig                      0x0800bb8f   Thumb Code     6  stm32f10x_tim.o(.text)
    TIM_CounterModeConfig                    0x0800bb95   Thumb Code    18  stm32f10x_tim.o(.text)
    TIM_EncoderInterfaceConfig               0x0800bba7   Thumb Code    66  stm32f10x_tim.o(.text)
    TIM_ForcedOC1Config                      0x0800bbe9   Thumb Code    18  stm32f10x_tim.o(.text)
    TIM_ForcedOC2Config                      0x0800bbfb   Thumb Code    26  stm32f10x_tim.o(.text)
    TIM_ForcedOC3Config                      0x0800bc15   Thumb Code    18  stm32f10x_tim.o(.text)
    TIM_ForcedOC4Config                      0x0800bc27   Thumb Code    26  stm32f10x_tim.o(.text)
    TIM_ARRPreloadConfig                     0x0800bc41   Thumb Code    24  stm32f10x_tim.o(.text)
    TIM_SelectCOM                            0x0800bc59   Thumb Code    24  stm32f10x_tim.o(.text)
    TIM_SelectCCDMA                          0x0800bc71   Thumb Code    24  stm32f10x_tim.o(.text)
    TIM_CCPreloadControl                     0x0800bc89   Thumb Code    24  stm32f10x_tim.o(.text)
    TIM_OC1PreloadConfig                     0x0800bca1   Thumb Code    18  stm32f10x_tim.o(.text)
    TIM_OC2PreloadConfig                     0x0800bcb3   Thumb Code    26  stm32f10x_tim.o(.text)
    TIM_OC3PreloadConfig                     0x0800bccd   Thumb Code    18  stm32f10x_tim.o(.text)
    TIM_OC4PreloadConfig                     0x0800bcdf   Thumb Code    26  stm32f10x_tim.o(.text)
    TIM_OC1FastConfig                        0x0800bcf9   Thumb Code    18  stm32f10x_tim.o(.text)
    TIM_OC2FastConfig                        0x0800bd0b   Thumb Code    26  stm32f10x_tim.o(.text)
    TIM_OC3FastConfig                        0x0800bd25   Thumb Code    18  stm32f10x_tim.o(.text)
    TIM_OC4FastConfig                        0x0800bd37   Thumb Code    26  stm32f10x_tim.o(.text)
    TIM_ClearOC1Ref                          0x0800bd51   Thumb Code    18  stm32f10x_tim.o(.text)
    TIM_ClearOC2Ref                          0x0800bd63   Thumb Code    24  stm32f10x_tim.o(.text)
    TIM_ClearOC3Ref                          0x0800bd7b   Thumb Code    18  stm32f10x_tim.o(.text)
    TIM_ClearOC4Ref                          0x0800bd8d   Thumb Code    24  stm32f10x_tim.o(.text)
    TIM_OC1PolarityConfig                    0x0800bda5   Thumb Code    18  stm32f10x_tim.o(.text)
    TIM_OC1NPolarityConfig                   0x0800bdb7   Thumb Code    18  stm32f10x_tim.o(.text)
    TIM_OC2PolarityConfig                    0x0800bdc9   Thumb Code    26  stm32f10x_tim.o(.text)
    TIM_OC2NPolarityConfig                   0x0800bde3   Thumb Code    26  stm32f10x_tim.o(.text)
    TIM_OC3PolarityConfig                    0x0800bdfd   Thumb Code    26  stm32f10x_tim.o(.text)
    TIM_OC3NPolarityConfig                   0x0800be17   Thumb Code    26  stm32f10x_tim.o(.text)
    TIM_OC4PolarityConfig                    0x0800be31   Thumb Code    26  stm32f10x_tim.o(.text)
    TIM_CCxCmd                               0x0800be4b   Thumb Code    30  stm32f10x_tim.o(.text)
    TIM_CCxNCmd                              0x0800be69   Thumb Code    30  stm32f10x_tim.o(.text)
    TIM_SelectOCxM                           0x0800be87   Thumb Code    82  stm32f10x_tim.o(.text)
    TIM_UpdateDisableConfig                  0x0800bed9   Thumb Code    24  stm32f10x_tim.o(.text)
    TIM_UpdateRequestConfig                  0x0800bef1   Thumb Code    24  stm32f10x_tim.o(.text)
    TIM_SelectHallSensor                     0x0800bf09   Thumb Code    24  stm32f10x_tim.o(.text)
    TIM_SelectOnePulseMode                   0x0800bf21   Thumb Code    18  stm32f10x_tim.o(.text)
    TIM_SelectOutputTrigger                  0x0800bf33   Thumb Code    18  stm32f10x_tim.o(.text)
    TIM_SelectSlaveMode                      0x0800bf45   Thumb Code    18  stm32f10x_tim.o(.text)
    TIM_SelectMasterSlaveMode                0x0800bf57   Thumb Code    18  stm32f10x_tim.o(.text)
    TIM_SetCounter                           0x0800bf69   Thumb Code     4  stm32f10x_tim.o(.text)
    TIM_SetAutoreload                        0x0800bf6d   Thumb Code     4  stm32f10x_tim.o(.text)
    TIM_SetCompare1                          0x0800bf71   Thumb Code     4  stm32f10x_tim.o(.text)
    TIM_SetCompare2                          0x0800bf75   Thumb Code     4  stm32f10x_tim.o(.text)
    TIM_SetCompare3                          0x0800bf79   Thumb Code     4  stm32f10x_tim.o(.text)
    TIM_SetCompare4                          0x0800bf7d   Thumb Code     6  stm32f10x_tim.o(.text)
    TIM_SetClockDivision                     0x0800bf83   Thumb Code    18  stm32f10x_tim.o(.text)
    TIM_GetCapture1                          0x0800bf95   Thumb Code     6  stm32f10x_tim.o(.text)
    TIM_GetCapture2                          0x0800bf9b   Thumb Code     6  stm32f10x_tim.o(.text)
    TIM_GetCapture3                          0x0800bfa1   Thumb Code     6  stm32f10x_tim.o(.text)
    TIM_GetCapture4                          0x0800bfa7   Thumb Code     8  stm32f10x_tim.o(.text)
    TIM_GetCounter                           0x0800bfaf   Thumb Code     6  stm32f10x_tim.o(.text)
    TIM_GetPrescaler                         0x0800bfb5   Thumb Code     6  stm32f10x_tim.o(.text)
    TIM_GetFlagStatus                        0x0800bfbb   Thumb Code    18  stm32f10x_tim.o(.text)
    TIM_ClearFlag                            0x0800bfcd   Thumb Code     6  stm32f10x_tim.o(.text)
    TIM_GetITStatus                          0x0800bfd3   Thumb Code    34  stm32f10x_tim.o(.text)
    TIM_ClearITPendingBit                    0x0800bff5   Thumb Code     6  stm32f10x_tim.o(.text)
    SDIO_DeInit                              0x0800bffd   Thumb Code    28  stm32f10x_sdio.o(.text)
    SDIO_Init                                0x0800c019   Thumb Code    42  stm32f10x_sdio.o(.text)
    SDIO_StructInit                          0x0800c043   Thumb Code    16  stm32f10x_sdio.o(.text)
    SDIO_ClockCmd                            0x0800c053   Thumb Code     6  stm32f10x_sdio.o(.text)
    SDIO_SetPowerState                       0x0800c059   Thumb Code    22  stm32f10x_sdio.o(.text)
    SDIO_GetPowerState                       0x0800c06f   Thumb Code    10  stm32f10x_sdio.o(.text)
    SDIO_ITConfig                            0x0800c079   Thumb Code    26  stm32f10x_sdio.o(.text)
    SDIO_DMACmd                              0x0800c093   Thumb Code     6  stm32f10x_sdio.o(.text)
    SDIO_SendCommand                         0x0800c099   Thumb Code    38  stm32f10x_sdio.o(.text)
    SDIO_CmdStructInit                       0x0800c0bf   Thumb Code    14  stm32f10x_sdio.o(.text)
    SDIO_GetCommandResponse                  0x0800c0cd   Thumb Code     8  stm32f10x_sdio.o(.text)
    SDIO_GetResponse                         0x0800c0d5   Thumb Code    22  stm32f10x_sdio.o(.text)
    SDIO_DataConfig                          0x0800c0eb   Thumb Code    42  stm32f10x_sdio.o(.text)
    SDIO_DataStructInit                      0x0800c115   Thumb Code    20  stm32f10x_sdio.o(.text)
    SDIO_GetDataCounter                      0x0800c129   Thumb Code     6  stm32f10x_sdio.o(.text)
    SDIO_ReadData                            0x0800c12f   Thumb Code     8  stm32f10x_sdio.o(.text)
    SDIO_WriteData                           0x0800c137   Thumb Code     8  stm32f10x_sdio.o(.text)
    SDIO_GetFIFOCount                        0x0800c13f   Thumb Code     6  stm32f10x_sdio.o(.text)
    SDIO_StartSDIOReadWait                   0x0800c145   Thumb Code     8  stm32f10x_sdio.o(.text)
    SDIO_StopSDIOReadWait                    0x0800c14d   Thumb Code     8  stm32f10x_sdio.o(.text)
    SDIO_SetSDIOReadWaitMode                 0x0800c155   Thumb Code     8  stm32f10x_sdio.o(.text)
    SDIO_SetSDIOOperation                    0x0800c15d   Thumb Code     8  stm32f10x_sdio.o(.text)
    SDIO_SendSDIOSuspendCmd                  0x0800c165   Thumb Code     6  stm32f10x_sdio.o(.text)
    SDIO_CommandCompletionCmd                0x0800c16b   Thumb Code     8  stm32f10x_sdio.o(.text)
    SDIO_CEATAITCmd                          0x0800c173   Thumb Code    12  stm32f10x_sdio.o(.text)
    SDIO_SendCEATACmd                        0x0800c17f   Thumb Code     8  stm32f10x_sdio.o(.text)
    SDIO_GetFlagStatus                       0x0800c187   Thumb Code    20  stm32f10x_sdio.o(.text)
    SDIO_ClearFlag                           0x0800c19b   Thumb Code     6  stm32f10x_sdio.o(.text)
    SDIO_GetITStatus                         0x0800c1a1   Thumb Code    20  stm32f10x_sdio.o(.text)
    SDIO_ClearITPendingBit                   0x0800c1b5   Thumb Code     6  stm32f10x_sdio.o(.text)
    DMA_DeInit                               0x0800c1d1   Thumb Code   324  stm32f10x_dma.o(.text)
    DMA_Init                                 0x0800c315   Thumb Code    60  stm32f10x_dma.o(.text)
    DMA_StructInit                           0x0800c351   Thumb Code    26  stm32f10x_dma.o(.text)
    DMA_Cmd                                  0x0800c36b   Thumb Code    24  stm32f10x_dma.o(.text)
    DMA_ITConfig                             0x0800c383   Thumb Code    18  stm32f10x_dma.o(.text)
    DMA_SetCurrDataCounter                   0x0800c395   Thumb Code     4  stm32f10x_dma.o(.text)
    DMA_GetCurrDataCounter                   0x0800c399   Thumb Code     8  stm32f10x_dma.o(.text)
    DMA_GetFlagStatus                        0x0800c3a1   Thumb Code    40  stm32f10x_dma.o(.text)
    DMA_ClearFlag                            0x0800c3c9   Thumb Code    22  stm32f10x_dma.o(.text)
    DMA_GetITStatus                          0x0800c3df   Thumb Code    40  stm32f10x_dma.o(.text)
    DMA_ClearITPendingBit                    0x0800c407   Thumb Code    22  stm32f10x_dma.o(.text)
    EXTI_DeInit                              0x0800c425   Thumb Code    28  stm32f10x_exti.o(.text)
    EXTI_Init                                0x0800c441   Thumb Code   142  stm32f10x_exti.o(.text)
    EXTI_StructInit                          0x0800c4cf   Thumb Code    16  stm32f10x_exti.o(.text)
    EXTI_GenerateSWInterrupt                 0x0800c4df   Thumb Code    16  stm32f10x_exti.o(.text)
    EXTI_GetFlagStatus                       0x0800c4ef   Thumb Code    22  stm32f10x_exti.o(.text)
    EXTI_ClearFlag                           0x0800c505   Thumb Code     8  stm32f10x_exti.o(.text)
    EXTI_GetITStatus                         0x0800c50d   Thumb Code    34  stm32f10x_exti.o(.text)
    EXTI_ClearITPendingBit                   0x0800c52f   Thumb Code     8  stm32f10x_exti.o(.text)
    mymemcpy                                 0x0800c541   Thumb Code    26  malloc.o(.text)
    mymemset                                 0x0800c55b   Thumb Code    20  malloc.o(.text)
    my_mem_init                              0x0800c56f   Thumb Code    54  malloc.o(.text)
    my_mem_perused                           0x0800c5a5   Thumb Code    54  malloc.o(.text)
    my_mem_malloc                            0x0800c5db   Thumb Code   154  malloc.o(.text)
    my_mem_free                              0x0800c675   Thumb Code    94  malloc.o(.text)
    myfree                                   0x0800c6d3   Thumb Code    32  malloc.o(.text)
    mymalloc                                 0x0800c6f3   Thumb Code    36  malloc.o(.text)
    myrealloc                                0x0800c717   Thumb Code    68  malloc.o(.text)
    disk_status                              0x0800c76d   Thumb Code     6  diskio.o(.text)
    disk_initialize                          0x0800c773   Thumb Code    52  diskio.o(.text)
    disk_read                                0x0800c7a7   Thumb Code   122  diskio.o(.text)
    disk_write                               0x0800c821   Thumb Code   122  diskio.o(.text)
    disk_ioctl                               0x0800c89b   Thumb Code   170  diskio.o(.text)
    get_fattime                              0x0800c945   Thumb Code     4  diskio.o(.text)
    ff_memalloc                              0x0800c949   Thumb Code    14  diskio.o(.text)
    ff_memfree                               0x0800c957   Thumb Code    14  diskio.o(.text)
    clust2sect                               0x0800cb23   Thumb Code    26  ff.o(.text)
    get_fat                                  0x0800cb3d   Thumb Code   242  ff.o(.text)
    put_fat                                  0x0800cc2f   Thumb Code   322  ff.o(.text)
    dir_sdi                                  0x0800cee5   Thumb Code   158  ff.o(.text)
    f_mount                                  0x0800df6f   Thumb Code    86  ff.o(.text)
    f_open                                   0x0800dfc5   Thumb Code   384  ff.o(.text)
    f_read                                   0x0800e145   Thumb Code   450  ff.o(.text)
    f_write                                  0x0800e307   Thumb Code   490  ff.o(.text)
    f_sync                                   0x0800e4f1   Thumb Code   176  ff.o(.text)
    f_close                                  0x0800e5a1   Thumb Code    32  ff.o(.text)
    f_lseek                                  0x0800e5c1   Thumb Code   684  ff.o(.text)
    f_opendir                                0x0800e86d   Thumb Code   136  ff.o(.text)
    f_closedir                               0x0800e8f5   Thumb Code    22  ff.o(.text)
    f_readdir                                0x0800e90b   Thumb Code   114  ff.o(.text)
    f_stat                                   0x0800e97d   Thumb Code    84  ff.o(.text)
    f_getfree                                0x0800e9d1   Thumb Code   258  ff.o(.text)
    f_truncate                               0x0800ead3   Thumb Code   184  ff.o(.text)
    f_unlink                                 0x0800eb8b   Thumb Code   190  ff.o(.text)
    f_mkdir                                  0x0800ec49   Thumb Code   380  ff.o(.text)
    f_chmod                                  0x0800edc5   Thumb Code   112  ff.o(.text)
    f_rename                                 0x0800ee35   Thumb Code   290  ff.o(.text)
    f_utime                                  0x0800ef57   Thumb Code   110  ff.o(.text)
    f_getlabel                               0x0800efc5   Thumb Code   190  ff.o(.text)
    f_setlabel                               0x0800f083   Thumb Code   482  ff.o(.text)
    f_mkfs                                   0x0800f265   Thumb Code  1578  ff.o(.text)
    f_gets                                   0x0800f88f   Thumb Code    82  ff.o(.text)
    f_putc                                   0x0800f925   Thumb Code    64  ff.o(.text)
    f_puts                                   0x0800f965   Thumb Code    74  ff.o(.text)
    f_printf                                 0x0800f9af   Thumb Code   674  ff.o(.text)
    exfuns_init                              0x0800fc51   Thumb Code   114  exfuns.o(.text)
    char_upper                               0x0800fcc3   Thumb Code    26  exfuns.o(.text)
    f_typetell                               0x0800fcdd   Thumb Code   188  exfuns.o(.text)
    exf_getfree                              0x0800fd99   Thumb Code    74  exfuns.o(.text)
    ff_convert                               0x0800fdf9   Thumb Code   146  mycc936.o(.text)
    ff_wtoupper                              0x0800fe8b   Thumb Code    46  mycc936.o(.text)
    usmart_sys_cmd_exe                       0x0800fec5   Thumb Code  1554  usmart.o(.text)
    usmart_reset_runtime                     0x080104d7   Thumb Code    38  usmart.o(.text)
    usmart_get_runtime                       0x080104fd   Thumb Code    60  usmart.o(.text)
    TIM4_IRQHandler                          0x08010539   Thumb Code    46  usmart.o(.text)
    Timer4_Init                              0x08010567   Thumb Code    88  usmart.o(.text)
    usmart_init                              0x080105bf   Thumb Code    36  usmart.o(.text)
    usmart_cmd_rec                           0x080105e3   Thumb Code   170  usmart.o(.text)
    usmart_exe                               0x0801068d   Thumb Code   870  usmart.o(.text)
    usmart_scan                              0x080109f3   Thumb Code   120  usmart.o(.text)
    read_addr                                0x08010a6b   Thumb Code     6  usmart.o(.text)
    write_addr                               0x08010a71   Thumb Code     4  usmart.o(.text)
    usmart_strcmp                            0x08010afd   Thumb Code    34  usmart_str.o(.text)
    usmart_strcopy                           0x08010b1f   Thumb Code    22  usmart_str.o(.text)
    usmart_strlen                            0x08010b35   Thumb Code    24  usmart_str.o(.text)
    usmart_pow                               0x08010b4d   Thumb Code    22  usmart_str.o(.text)
    usmart_str2num                           0x08010b63   Thumb Code   202  usmart_str.o(.text)
    usmart_get_cmdname                       0x08010c2d   Thumb Code    54  usmart_str.o(.text)
    usmart_search_nextc                      0x08010c63   Thumb Code    22  usmart_str.o(.text)
    usmart_get_fname                         0x08010c79   Thumb Code   440  usmart_str.o(.text)
    usmart_get_aparm                         0x08010e31   Thumb Code   200  usmart_str.o(.text)
    usmart_get_parmpos                       0x08010ef9   Thumb Code    26  usmart_str.o(.text)
    usmart_get_fparam                        0x08010f13   Thumb Code   262  usmart_str.o(.text)
    fupd_prog                                0x08011025   Thumb Code   134  fontupd.o(.text)
    updata_fontx                             0x080110ab   Thumb Code   346  fontupd.o(.text)
    update_font                              0x08011205   Thumb Code   882  fontupd.o(.text)
    font_init                                0x08011577   Thumb Code    64  fontupd.o(.text)
    Get_HzMat                                0x080115f5   Thumb Code   220  text.o(.text)
    Show_Font                                0x080116d1   Thumb Code   190  text.o(.text)
    Show_Str                                 0x0801178f   Thumb Code   192  text.o(.text)
    Show_Str_Mid                             0x0801184f   Thumb Code   106  text.o(.text)
    lora_at_response                         0x080118c9   Thumb Code    46  lora_ui.o(.text)
    lora_check_cmd                           0x080118f7   Thumb Code    44  lora_ui.o(.text)
    lora_send_cmd                            0x08011923   Thumb Code   110  lora_ui.o(.text)
    chr2hex                                  0x08011991   Thumb Code    54  lora_ui.o(.text)
    char2hex_buff                            0x080119c7   Thumb Code    32  lora_ui.o(.text)
    hexbuff_num                              0x080119e7   Thumb Code   182  lora_ui.o(.text)
    num_count                                0x08011a9d   Thumb Code    26  lora_ui.o(.text)
    lora_load_keyboard                       0x08011ab7   Thumb Code   364  lora_ui.o(.text)
    lora_key_staset                          0x08011c23   Thumb Code   436  lora_ui.o(.text)
    lora_get_keynum                          0x08011dd7   Thumb Code   230  lora_ui.o(.text)
    Menu_ui                                  0x08011ebd   Thumb Code   926  lora_ui.o(.text)
    Menu_cfg                                 0x0801225b   Thumb Code   834  lora_ui.o(.text)
    Dire_Set                                 0x0801259d   Thumb Code   966  lora_ui.o(.text)
    Process_ui                               0x08012963   Thumb Code   818  lora_ui.o(.text)
    Aux_Int                                  0x08012d05   Thumb Code    68  lora_app.o(.text)
    EXTI4_IRQHandler                         0x08012d49   Thumb Code   118  lora_app.o(.text)
    LoRa_Init                                0x08012dbf   Thumb Code   286  lora_app.o(.text)
    LoRa_Set                                 0x08012edd   Thumb Code   274  lora_app.o(.text)
    lora_app_run                             0x08012fef   Thumb Code   602  lora_app.o(.text)
    is_alert                                 0x08013249   Thumb Code    62  dashboard.o(.text)
    collect_sensor_data                      0x08013287   Thumb Code    52  dashboard.o(.text)
    upload_data                              0x080132bb   Thumb Code   144  dashboard.o(.text)
    show_dashboard_ui                        0x0801334b   Thumb Code   282  dashboard.o(.text)
    show_data                                0x08013465   Thumb Code   234  dashboard.o(.text)
    college_and_handle                       0x0801354f   Thumb Code   796  dashboard.o(.text)
    dashboard_rece_rata                      0x0801386b   Thumb Code    46  dashboard.o(.text)
    dashboard_process                        0x08013899   Thumb Code    84  dashboard.o(.text)
    init_data                                0x080138ed   Thumb Code    46  dashboard.o(.text)
    EXTI1_IRQHandler                         0x08013949   Thumb Code    20  humanbodyinduction.o(.text)
    TIM6_Int_Init                            0x0801395d   Thumb Code    90  humanbodyinduction.o(.text)
    TIM6_IRQHandler                          0x080139b7   Thumb Code    82  humanbodyinduction.o(.text)
    gpio_f1_init                             0x08013a09   Thumb Code    92  humanbodyinduction.o(.text)
    human_body_induction_init                0x08013a65   Thumb Code    20  humanbodyinduction.o(.text)
    rgb_led_init                             0x08013a89   Thumb Code   242  rgbled.o(.text)
    rgb_set_color                            0x08013b7b   Thumb Code   196  rgbled.o(.text)
    cJSON_GetErrorPtr                        0x08013c51   Thumb Code     6  cjson.o(.text)
    cJSON_InitHooks                          0x08013ccb   Thumb Code    48  cjson.o(.text)
    cJSON_Delete                             0x08013d15   Thumb Code    82  cjson.o(.text)
    cJSON_ParseWithOpts                      0x08014881   Thumb Code   152  cjson.o(.text)
    cJSON_Parse                              0x08014919   Thumb Code    16  cjson.o(.text)
    cJSON_Print                              0x080150a9   Thumb Code    18  cjson.o(.text)
    cJSON_PrintUnformatted                   0x080150bb   Thumb Code    18  cjson.o(.text)
    cJSON_PrintBuffered                      0x080150cd   Thumb Code    52  cjson.o(.text)
    cJSON_GetArraySize                       0x08015101   Thumb Code    18  cjson.o(.text)
    cJSON_GetArrayItem                       0x08015113   Thumb Code    18  cjson.o(.text)
    cJSON_GetObjectItem                      0x08015125   Thumb Code    30  cjson.o(.text)
    cJSON_AddItemToArray                     0x08015179   Thumb Code    42  cjson.o(.text)
    cJSON_AddItemToObject                    0x080151a3   Thumb Code    44  cjson.o(.text)
    cJSON_AddItemToObjectCS                  0x080151cf   Thumb Code    54  cjson.o(.text)
    cJSON_AddItemReferenceToArray            0x08015205   Thumb Code    24  cjson.o(.text)
    cJSON_AddItemReferenceToObject           0x0801521d   Thumb Code    32  cjson.o(.text)
    cJSON_DetachItemFromArray                0x0801523d   Thumb Code    66  cjson.o(.text)
    cJSON_DeleteItemFromArray                0x0801527f   Thumb Code    22  cjson.o(.text)
    cJSON_DetachItemFromObject               0x08015295   Thumb Code    50  cjson.o(.text)
    cJSON_DeleteItemFromObject               0x080152c7   Thumb Code    22  cjson.o(.text)
    cJSON_InsertItemInArray                  0x080152dd   Thumb Code    64  cjson.o(.text)
    cJSON_ReplaceItemInArray                 0x0801531d   Thumb Code    76  cjson.o(.text)
    cJSON_ReplaceItemInObject                0x08015369   Thumb Code    62  cjson.o(.text)
    cJSON_CreateNull                         0x080153a7   Thumb Code    18  cjson.o(.text)
    cJSON_CreateTrue                         0x080153b9   Thumb Code    18  cjson.o(.text)
    cJSON_CreateFalse                        0x080153cb   Thumb Code    18  cjson.o(.text)
    cJSON_CreateBool                         0x080153dd   Thumb Code    26  cjson.o(.text)
    cJSON_CreateNumber                       0x080153f7   Thumb Code    36  cjson.o(.text)
    cJSON_CreateString                       0x0801541b   Thumb Code    28  cjson.o(.text)
    cJSON_CreateArray                        0x08015437   Thumb Code    18  cjson.o(.text)
    cJSON_CreateObject                       0x08015449   Thumb Code    18  cjson.o(.text)
    cJSON_CreateIntArray                     0x0801545b   Thumb Code    68  cjson.o(.text)
    cJSON_CreateFloatArray                   0x0801549f   Thumb Code    68  cjson.o(.text)
    cJSON_CreateDoubleArray                  0x080154e3   Thumb Code    68  cjson.o(.text)
    cJSON_CreateStringArray                  0x08015527   Thumb Code    62  cjson.o(.text)
    cJSON_Duplicate                          0x08015565   Thumb Code   178  cjson.o(.text)
    cJSON_Minify                             0x08015617   Thumb Code   186  cjson.o(.text)
    __aeabi_ldivmod                          0x080156d1   Thumb Code    98  ldiv.o(.text)
    tolower                                  0x08015733   Thumb Code    12  tolower.o(.text)
    __aeabi_memcpy                           0x0801573f   Thumb Code    36  memcpya.o(.text)
    __aeabi_memcpy4                          0x0801573f   Thumb Code     0  memcpya.o(.text)
    __aeabi_memcpy8                          0x0801573f   Thumb Code     0  memcpya.o(.text)
    __aeabi_memset                           0x08015763   Thumb Code    14  memseta.o(.text)
    __aeabi_memset4                          0x08015763   Thumb Code     0  memseta.o(.text)
    __aeabi_memset8                          0x08015763   Thumb Code     0  memseta.o(.text)
    __aeabi_memclr                           0x08015771   Thumb Code     4  memseta.o(.text)
    __aeabi_memclr4                          0x08015771   Thumb Code     0  memseta.o(.text)
    __aeabi_memclr8                          0x08015771   Thumb Code     0  memseta.o(.text)
    _memset$wrapper                          0x08015775   Thumb Code    18  memseta.o(.text)
    strcat                                   0x08015787   Thumb Code    24  strcat.o(.text)
    strstr                                   0x0801579f   Thumb Code    36  strstr.o(.text)
    strchr                                   0x080157c3   Thumb Code    20  strchr.o(.text)
    strlen                                   0x080157d7   Thumb Code    14  strlen.o(.text)
    strcmp                                   0x080157e5   Thumb Code    28  strcmp.o(.text)
    strcpy                                   0x08015801   Thumb Code    18  strcpy.o(.text)
    strncmp                                  0x08015813   Thumb Code    30  strncmp.o(.text)
    __aeabi_fadd                             0x08015831   Thumb Code   164  fadd.o(.text)
    __aeabi_fsub                             0x080158d5   Thumb Code     6  fadd.o(.text)
    __aeabi_frsub                            0x080158db   Thumb Code     6  fadd.o(.text)
    __aeabi_fmul                             0x080158e1   Thumb Code   100  fmul.o(.text)
    __aeabi_fdiv                             0x08015945   Thumb Code   124  fdiv.o(.text)
    __aeabi_dadd                             0x080159c1   Thumb Code   322  dadd.o(.text)
    __aeabi_dsub                             0x08015b03   Thumb Code     6  dadd.o(.text)
    __aeabi_drsub                            0x08015b09   Thumb Code     6  dadd.o(.text)
    __aeabi_dmul                             0x08015b0f   Thumb Code   228  dmul.o(.text)
    __aeabi_ddiv                             0x08015bf3   Thumb Code   222  ddiv.o(.text)
    __aeabi_i2f                              0x08015cd1   Thumb Code    18  fflti.o(.text)
    __aeabi_ui2f                             0x08015ce3   Thumb Code    10  ffltui.o(.text)
    __aeabi_i2d                              0x08015ced   Thumb Code    34  dflti.o(.text)
    __aeabi_ui2d                             0x08015d0f   Thumb Code    26  dfltui.o(.text)
    __aeabi_f2iz                             0x08015d29   Thumb Code    50  ffixi.o(.text)
    __aeabi_f2uiz                            0x08015d5b   Thumb Code    40  ffixui.o(.text)
    __aeabi_d2iz                             0x08015d83   Thumb Code    62  dfixi.o(.text)
    __aeabi_d2uiz                            0x08015dc1   Thumb Code    50  dfixui.o(.text)
    __aeabi_f2d                              0x08015df3   Thumb Code    38  f2d.o(.text)
    __aeabi_cdcmpeq                          0x08015e19   Thumb Code     0  cdcmple.o(.text)
    __aeabi_cdcmple                          0x08015e19   Thumb Code    48  cdcmple.o(.text)
    __aeabi_cdrcmple                         0x08015e49   Thumb Code    48  cdrcmple.o(.text)
    __aeabi_cfcmpeq                          0x08015e79   Thumb Code     0  cfcmple.o(.text)
    __aeabi_cfcmple                          0x08015e79   Thumb Code    20  cfcmple.o(.text)
    __aeabi_uidiv                            0x08015e8d   Thumb Code     0  uidiv.o(.text)
    __aeabi_uidivmod                         0x08015e8d   Thumb Code    44  uidiv.o(.text)
    __aeabi_uldivmod                         0x08015eb9   Thumb Code    98  uldiv.o(.text)
    __aeabi_llsl                             0x08015f1b   Thumb Code    30  llshl.o(.text)
    _ll_shift_l                              0x08015f1b   Thumb Code     0  llshl.o(.text)
    __aeabi_llsr                             0x08015f39   Thumb Code    32  llushr.o(.text)
    _ll_ushift_r                             0x08015f39   Thumb Code     0  llushr.o(.text)
    __aeabi_lasr                             0x08015f59   Thumb Code    36  llsshr.o(.text)
    _ll_sshift_r                             0x08015f59   Thumb Code     0  llsshr.o(.text)
    __I$use$fp                               0x08015f7d   Thumb Code     0  iusefp.o(.text)
    _float_round                             0x08015f7d   Thumb Code    18  fepilogue.o(.text)
    _float_epilogue                          0x08015f8f   Thumb Code    92  fepilogue.o(.text)
    _double_round                            0x08015feb   Thumb Code    30  depilogue.o(.text)
    _double_epilogue                         0x08016009   Thumb Code   156  depilogue.o(.text)
    __ARM_scalbn                             0x080160a5   Thumb Code    46  dscalb.o(.text)
    scalbn                                   0x080160a5   Thumb Code     0  dscalb.o(.text)
    _dsqrt                                   0x080160d3   Thumb Code   162  dsqrt.o(.text)
    __aeabi_d2ulz                            0x08016175   Thumb Code    48  dfixul.o(.text)
    __scatterload                            0x080161a5   Thumb Code    28  init.o(.text)
    __scatterload_rt2                        0x080161a5   Thumb Code     0  init.o(.text)
    __decompress                             0x080161c9   Thumb Code     0  __dczerorl2.o(.text)
    __decompress1                            0x080161c9   Thumb Code    86  __dczerorl2.o(.text)
    __0printf                                0x08016221   Thumb Code    22  printfa.o(i.__0printf)
    __1printf                                0x08016221   Thumb Code     0  printfa.o(i.__0printf)
    __2printf                                0x08016221   Thumb Code     0  printfa.o(i.__0printf)
    __c89printf                              0x08016221   Thumb Code     0  printfa.o(i.__0printf)
    printf                                   0x08016221   Thumb Code     0  printfa.o(i.__0printf)
    __0sprintf                               0x08016241   Thumb Code    34  printfa.o(i.__0sprintf)
    __1sprintf                               0x08016241   Thumb Code     0  printfa.o(i.__0sprintf)
    __2sprintf                               0x08016241   Thumb Code     0  printfa.o(i.__0sprintf)
    __c89sprintf                             0x08016241   Thumb Code     0  printfa.o(i.__0sprintf)
    sprintf                                  0x08016241   Thumb Code     0  printfa.o(i.__0sprintf)
    __0vsprintf                              0x08016269   Thumb Code    30  printfa.o(i.__0vsprintf)
    __1vsprintf                              0x08016269   Thumb Code     0  printfa.o(i.__0vsprintf)
    __2vsprintf                              0x08016269   Thumb Code     0  printfa.o(i.__0vsprintf)
    __c89vsprintf                            0x08016269   Thumb Code     0  printfa.o(i.__0vsprintf)
    vsprintf                                 0x08016269   Thumb Code     0  printfa.o(i.__0vsprintf)
    __ARM_fpclassify                         0x0801628d   Thumb Code    40  fpclassify.o(i.__ARM_fpclassify)
    __kernel_poly                            0x080162b5   Thumb Code   170  poly.o(i.__kernel_poly)
    __mathlib_dbl_divzero                    0x08016361   Thumb Code    12  dunder.o(i.__mathlib_dbl_divzero)
    __mathlib_dbl_infnan2                    0x08016371   Thumb Code     4  dunder.o(i.__mathlib_dbl_infnan2)
    __mathlib_dbl_invalid                    0x08016375   Thumb Code    12  dunder.o(i.__mathlib_dbl_invalid)
    __mathlib_dbl_overflow                   0x08016381   Thumb Code    14  dunder.o(i.__mathlib_dbl_overflow)
    __mathlib_dbl_underflow                  0x08016391   Thumb Code    10  dunder.o(i.__mathlib_dbl_underflow)
    __scatterload_copy                       0x080163a1   Thumb Code    14  handlers.o(i.__scatterload_copy)
    __scatterload_null                       0x080163af   Thumb Code     2  handlers.o(i.__scatterload_null)
    __scatterload_zeroinit                   0x080163b1   Thumb Code    14  handlers.o(i.__scatterload_zeroinit)
    __set_errno                              0x080163c1   Thumb Code     6  errno.o(i.__set_errno)
    floor                                    0x08016c89   Thumb Code   204  floor.o(i.floor)
    free                                     0x08016d65   Thumb Code    76  malloc.o(i.free)
    malloc                                   0x08016db5   Thumb Code    92  malloc.o(i.malloc)
    pow                                      0x08016e21   Thumb Code  2512  pow.o(i.pow)
    sqrt                                     0x080177f9   Thumb Code    76  sqrt.o(i.sqrt)
    asc2_1206                                0x08017844   Data        1140  lcd.o(.constdata)
    asc2_1608                                0x08017cb8   Data        1520  lcd.o(.constdata)
    asc2_2412                                0x080182a8   Data        3420  lcd.o(.constdata)
    FT5206_TPX_TBL                           0x08019004   Data          10  ft5206.o(.constdata)
    GT9147_CFG_TBL                           0x0801900e   Data         184  gt9147.o(.constdata)
    GT9147_TPX_TBL                           0x080190c6   Data          10  gt9147.o(.constdata)
    OTT_TPX_TBL                              0x080190d0   Data          10  ott2001a.o(.constdata)
    TP_REMIND_MSG_TBL                        0x080190dc   Data           4  touch.o(.constdata)
    memtblsize                               0x080190e0   Data           8  malloc.o(.constdata)
    memblksize                               0x080190e8   Data           8  malloc.o(.constdata)
    memsize                                  0x080190f0   Data           8  malloc.o(.constdata)
    FILE_TYPE_TBL                            0x08019134   Data         312  exfuns.o(.constdata)
    GBK24_PATH                               0x0801962c   Data           4  fontupd.o(.constdata)
    GBK16_PATH                               0x08019630   Data           4  fontupd.o(.constdata)
    GBK12_PATH                               0x08019634   Data           4  fontupd.o(.constdata)
    UNIGBK_PATH                              0x08019638   Data           4  fontupd.o(.constdata)
    __mathlib_zero                           0x080196d0   Data           8  qnan.o(.constdata)
    Region$$Table$$Base                      0x080199ac   Number         0  anon$$obj.o(Region$$Table)
    Region$$Table$$Limit                     0x080199cc   Number         0  anon$$obj.o(Region$$Table)
    SystemCoreClock                          0x20000000   Data           4  system_stm32f10x.o(.data)
    AHBPrescTable                            0x20000004   Data          16  system_stm32f10x.o(.data)
    POINT_COLOR                              0x20000016   Data           2  lcd.o(.data)
    BACK_COLOR                               0x20000018   Data           2  lcd.o(.data)
    W25QXX_TYPE                              0x2000001a   Data           2  w25qxx.o(.data)
    TransferError                            0x20000026   Data           1  sdio_sdcard.o(.data)
    TransferEnd                              0x20000027   Data           1  sdio_sdcard.o(.data)
    tempbuff                                 0x20000028   Data           4  sdio_sdcard.o(.data)
    tp_dev                                   0x20000030   Data          52  touch.o(.data)
    CMD_RDX                                  0x20000064   Data           1  touch.o(.data)
    CMD_RDY                                  0x20000065   Data           1  touch.o(.data)
    USART3_RX_STA                            0x20000068   Data           2  usart3.o(.data)
    __stdout                                 0x20000074   Data           4  usart.o(.data)
    USART_RX_STA                             0x20000078   Data           2  usart.o(.data)
    mallco_dev                               0x20000090   Data          28  malloc.o(.data)
    FLASH_SECTOR_COUNT                       0x200000ac   Data           2  diskio.o(.data)
    fs                                       0x200000bc   Data           8  exfuns.o(.data)
    file                                     0x200000c4   Data           4  exfuns.o(.data)
    ftemp                                    0x200000c8   Data           4  exfuns.o(.data)
    br                                       0x200000cc   Data           4  exfuns.o(.data)
    bw                                       0x200000d0   Data           4  exfuns.o(.data)
    fatbuf                                   0x200000d4   Data           4  exfuns.o(.data)
    sys_cmd_tab                              0x200000d8   Data          28  usmart.o(.data)
    usmart_nametab                           0x200000f4   Data          24  usmart_config.o(.data)
    usmart_dev                               0x2000010c   Data         244  usmart_config.o(.data)
    kbd_tbl1                                 0x20000200   Data          44  lora_ui.o(.data)
    kbd_tbl                                  0x2000022c   Data           4  lora_ui.o(.data)
    kbd_fn_tbl                               0x20000230   Data           8  lora_ui.o(.data)
    cnttbl_mode                              0x2000023c   Data          12  lora_ui.o(.data)
    cnttbl_sta                               0x20000248   Data           8  lora_ui.o(.data)
    cnttbl_power                             0x20000250   Data          16  lora_ui.o(.data)
    cnttbl_rate                              0x20000260   Data          24  lora_ui.o(.data)
    obj_addr                                 0x20000278   Data           4  lora_ui.o(.data)
    obj_chn                                  0x2000027c   Data           1  lora_ui.o(.data)
    set_mode                                 0x20000280   Data           8  lora_ui.o(.data)
    callbuf                                  0x20000288   Data           5  lora_ui.o(.data)
    LoRa_CFG                                 0x20000290   Data          10  lora_app.o(.data)
    EXTI_InitStructure                       0x2000029c   Data           8  lora_app.o(.data)
    NVIC_InitStructure                       0x200002a4   Data           4  lora_app.o(.data)
    Lora_mode                                0x200002a8   Data           1  lora_app.o(.data)
    Dire_Date                                0x200002aa   Data           5  lora_app.o(.data)
    _sss                                     0x200002b0   Data           4  humanbodyinduction.o(.data)
    __microlib_freelist                      0x200002c0   Data           4  mvars.o(.data)
    __microlib_freelist_initialised          0x200002c4   Data           4  mvars.o(.data)
    lcddev                                   0x200002cc   Data          14  lcd.o(.bss)
    W25QXX_BUFFER                            0x200002da   Data        4096  w25qxx.o(.bss)
    SDIO_InitStructure                       0x200012e0   Data          24  sdio_sdcard.o(.bss)
    SDIO_CmdInitStructure                    0x200012f8   Data          20  sdio_sdcard.o(.bss)
    SDIO_DataInitStructure                   0x2000130c   Data          24  sdio_sdcard.o(.bss)
    SDCardInfo                               0x20001348   Data          88  sdio_sdcard.o(.bss)
    SDIO_DATA_BUFFER                         0x200013a0   Data         512  sdio_sdcard.o(.bss)
    USART3_RX_BUF                            0x200015a0   Data        1024  usart3.o(.bss)
    USART3_TX_BUF                            0x200019a0   Data        1024  usart3.o(.bss)
    USART_InitStructure                      0x20001da0   Data          16  usart3.o(.bss)
    USART_RX_BUF                             0x20001db0   Data         200  usart.o(.bss)
    mem1base                                 0x20001e80   Data       40960  malloc.o(.bss)
    mem1mapbase                              0x2000be80   Data        2560  malloc.o(.bss)
    ftinfo                                   0x2000c880   Data          33  fontupd.o(.bss)
    _mydata                                  0x2000c8a4   Data          52  dashboard.o(.bss)
    __heap_base                              0x2000c8d8   Data           0  startup_stm32f10x_hd.o(HEAP)
    __heap_limit                             0x2000cad8   Data           0  startup_stm32f10x_hd.o(HEAP)
    __initial_sp                             0x2000ced8   Data           0  startup_stm32f10x_hd.o(STACK)
    mem2base                                 0x68000000   Data       983040  malloc.o(.ARM.__AT_0x68000000)
    mem2mapbase                              0x680f0000   Data       61440  malloc.o(.ARM.__AT_0x680F0000)



==============================================================================

Memory Map of the image

  Image Entry point : 0x08000131

  Load Region LR_IROM1 (Base: 0x08000000, Size: 0x00019c98, Max: 0x00080000, ABSOLUTE, COMPRESSED[0x00019ad0])

    Execution Region ER_IROM1 (Exec base: 0x08000000, Load base: 0x08000000, Size: 0x000199cc, Max: 0x00080000, ABSOLUTE)

    Exec Addr    Load Addr    Size         Type   Attr      Idx    E Section Name        Object

    0x08000000   0x08000000   0x00000130   Data   RO          653    RESET               startup_stm32f10x_hd.o
    0x08000130   0x08000130   0x00000000   Code   RO         1100  * .ARM.Collect$$$$00000000  mc_w.l(entry.o)
    0x08000130   0x08000130   0x00000004   Code   RO         1471    .ARM.Collect$$$$00000001  mc_w.l(entry2.o)
    0x08000134   0x08000134   0x00000004   Code   RO         1474    .ARM.Collect$$$$00000004  mc_w.l(entry5.o)
    0x08000138   0x08000138   0x00000000   Code   RO         1476    .ARM.Collect$$$$00000008  mc_w.l(entry7b.o)
    0x08000138   0x08000138   0x00000000   Code   RO         1478    .ARM.Collect$$$$0000000A  mc_w.l(entry8b.o)
    0x08000138   0x08000138   0x00000008   Code   RO         1479    .ARM.Collect$$$$0000000B  mc_w.l(entry9a.o)
    0x08000140   0x08000140   0x00000000   Code   RO         1481    .ARM.Collect$$$$0000000D  mc_w.l(entry10a.o)
    0x08000140   0x08000140   0x00000000   Code   RO         1483    .ARM.Collect$$$$0000000F  mc_w.l(entry11a.o)
    0x08000140   0x08000140   0x00000004   Code   RO         1472    .ARM.Collect$$$$00002712  mc_w.l(entry2.o)
    0x08000144   0x08000144   0x000002bc   Code   RO            1    .text               main.o
    0x08000400   0x08000400   0x0000001a   Code   RO          215    .text               stm32f10x_it.o
    0x0800041a   0x0800041a   0x00000002   PAD
    0x0800041c   0x0800041c   0x000001e0   Code   RO          256    .text               system_stm32f10x.o
    0x080005fc   0x080005fc   0x0000004c   Code   RO          274    .text               led.o
    0x08000648   0x08000648   0x000000fc   Code   RO          286    .text               key.o
    0x08000744   0x08000744   0x00004a5c   Code   RO          299    .text               lcd.o
    0x080051a0   0x080051a0   0x00000108   Code   RO          329    .text               spi.o
    0x080052a8   0x080052a8   0x00000368   Code   RO          344    .text               w25qxx.o
    0x08005610   0x08005610   0x00001c3c   Code   RO          363    .text               sdio_sdcard.o
    0x0800724c   0x0800724c   0x0000017a   Code   RO          389    .text               24cxx.o
    0x080073c6   0x080073c6   0x00000002   PAD
    0x080073c8   0x080073c8   0x0000026c   Code   RO          407    .text               myiic.o
    0x08007634   0x08007634   0x00000284   Code   RO          422    .text               ctiic.o
    0x080078b8   0x080078b8   0x00000338   Code   RO          437    .text               ft5206.o
    0x08007bf0   0x08007bf0   0x00000458   Code   RO          453    .text               gt9147.o
    0x08008048   0x08008048   0x0000036c   Code   RO          469    .text               ott2001a.o
    0x080083b4   0x080083b4   0x00000fb4   Code   RO          485    .text               touch.o
    0x08009368   0x08009368   0x000000b0   Code   RO          509    .text               timer.o
    0x08009418   0x08009418   0x00000268   Code   RO          525    .text               usart3.o
    0x08009680   0x08009680   0x00000064   Code   RO          551    .text               lsens.o
    0x080096e4   0x080096e4   0x00000038   Code   RO          563    .text               beep.o
    0x0800971c   0x0800971c   0x00000384   Code   RO          575    .text               adc.o
    0x08009aa0   0x08009aa0   0x000000d4   Code   RO          587    .text               delay.o
    0x08009b74   0x08009b74   0x0000000c   Code   RO          602    .text               sys.o
    0x08009b80   0x08009b80   0x00000140   Code   RO          618    .text               usart.o
    0x08009cc0   0x08009cc0   0x00000024   Code   RO          654    .text               startup_stm32f10x_hd.o
    0x08009ce4   0x08009ce4   0x000000dc   Code   RO          658    .text               misc.o
    0x08009dc0   0x08009dc0   0x0000060c   Code   RO          670    .text               stm32f10x_fsmc.o
    0x0800a3cc   0x0800a3cc   0x0000035c   Code   RO          682    .text               stm32f10x_gpio.o
    0x0800a728   0x0800a728   0x000003a4   Code   RO          694    .text               stm32f10x_rcc.o
    0x0800aacc   0x0800aacc   0x0000030c   Code   RO          708    .text               stm32f10x_spi.o
    0x0800add8   0x0800add8   0x00000408   Code   RO          720    .text               stm32f10x_usart.o
    0x0800b1e0   0x0800b1e0   0x00000e1a   Code   RO          732    .text               stm32f10x_tim.o
    0x0800bffa   0x0800bffa   0x00000002   PAD
    0x0800bffc   0x0800bffc   0x000001d4   Code   RO          744    .text               stm32f10x_sdio.o
    0x0800c1d0   0x0800c1d0   0x00000254   Code   RO          756    .text               stm32f10x_dma.o
    0x0800c424   0x0800c424   0x0000011c   Code   RO          768    .text               stm32f10x_exti.o
    0x0800c540   0x0800c540   0x0000022c   Code   RO          780    .text               malloc.o
    0x0800c76c   0x0800c76c   0x00000200   Code   RO          802    .text               diskio.o
    0x0800c96c   0x0800c96c   0x000032e4   Code   RO          820    .text               ff.o
    0x0800fc50   0x0800fc50   0x000001a8   Code   RO          838    .text               exfuns.o
    0x0800fdf8   0x0800fdf8   0x000000cc   Code   RO          878    .text               mycc936.o
    0x0800fec4   0x0800fec4   0x00000c38   Code   RO          891    .text               usmart.o
    0x08010afc   0x08010afc   0x00000528   Code   RO          920    .text               usmart_str.o
    0x08011024   0x08011024   0x000005d0   Code   RO          932    .text               fontupd.o
    0x080115f4   0x080115f4   0x000002d4   Code   RO          956    .text               text.o
    0x080118c8   0x080118c8   0x0000143c   Code   RO          968    .text               lora_ui.o
    0x08012d04   0x08012d04   0x00000544   Code   RO          985    .text               lora_app.o
    0x08013248   0x08013248   0x00000700   Code   RO         1008    .text               dashboard.o
    0x08013948   0x08013948   0x00000140   Code   RO         1026    .text               humanbodyinduction.o
    0x08013a88   0x08013a88   0x000001c8   Code   RO         1042    .text               rgbled.o
    0x08013c50   0x08013c50   0x00001a80   Code   RO         1054    .text               cjson.o
    0x080156d0   0x080156d0   0x00000062   Code   RO         1103    .text               mc_w.l(ldiv.o)
    0x08015732   0x08015732   0x0000000c   Code   RO         1105    .text               mc_w.l(tolower.o)
    0x0801573e   0x0801573e   0x00000024   Code   RO         1107    .text               mc_w.l(memcpya.o)
    0x08015762   0x08015762   0x00000024   Code   RO         1109    .text               mc_w.l(memseta.o)
    0x08015786   0x08015786   0x00000018   Code   RO         1111    .text               mc_w.l(strcat.o)
    0x0801579e   0x0801579e   0x00000024   Code   RO         1113    .text               mc_w.l(strstr.o)
    0x080157c2   0x080157c2   0x00000014   Code   RO         1115    .text               mc_w.l(strchr.o)
    0x080157d6   0x080157d6   0x0000000e   Code   RO         1117    .text               mc_w.l(strlen.o)
    0x080157e4   0x080157e4   0x0000001c   Code   RO         1119    .text               mc_w.l(strcmp.o)
    0x08015800   0x08015800   0x00000012   Code   RO         1121    .text               mc_w.l(strcpy.o)
    0x08015812   0x08015812   0x0000001e   Code   RO         1123    .text               mc_w.l(strncmp.o)
    0x08015830   0x08015830   0x000000b0   Code   RO         1416    .text               mf_w.l(fadd.o)
    0x080158e0   0x080158e0   0x00000064   Code   RO         1418    .text               mf_w.l(fmul.o)
    0x08015944   0x08015944   0x0000007c   Code   RO         1420    .text               mf_w.l(fdiv.o)
    0x080159c0   0x080159c0   0x0000014e   Code   RO         1422    .text               mf_w.l(dadd.o)
    0x08015b0e   0x08015b0e   0x000000e4   Code   RO         1424    .text               mf_w.l(dmul.o)
    0x08015bf2   0x08015bf2   0x000000de   Code   RO         1426    .text               mf_w.l(ddiv.o)
    0x08015cd0   0x08015cd0   0x00000012   Code   RO         1428    .text               mf_w.l(fflti.o)
    0x08015ce2   0x08015ce2   0x0000000a   Code   RO         1430    .text               mf_w.l(ffltui.o)
    0x08015cec   0x08015cec   0x00000022   Code   RO         1432    .text               mf_w.l(dflti.o)
    0x08015d0e   0x08015d0e   0x0000001a   Code   RO         1434    .text               mf_w.l(dfltui.o)
    0x08015d28   0x08015d28   0x00000032   Code   RO         1436    .text               mf_w.l(ffixi.o)
    0x08015d5a   0x08015d5a   0x00000028   Code   RO         1438    .text               mf_w.l(ffixui.o)
    0x08015d82   0x08015d82   0x0000003e   Code   RO         1440    .text               mf_w.l(dfixi.o)
    0x08015dc0   0x08015dc0   0x00000032   Code   RO         1442    .text               mf_w.l(dfixui.o)
    0x08015df2   0x08015df2   0x00000026   Code   RO         1444    .text               mf_w.l(f2d.o)
    0x08015e18   0x08015e18   0x00000030   Code   RO         1446    .text               mf_w.l(cdcmple.o)
    0x08015e48   0x08015e48   0x00000030   Code   RO         1448    .text               mf_w.l(cdrcmple.o)
    0x08015e78   0x08015e78   0x00000014   Code   RO         1450    .text               mf_w.l(cfcmple.o)
    0x08015e8c   0x08015e8c   0x0000002c   Code   RO         1485    .text               mc_w.l(uidiv.o)
    0x08015eb8   0x08015eb8   0x00000062   Code   RO         1487    .text               mc_w.l(uldiv.o)
    0x08015f1a   0x08015f1a   0x0000001e   Code   RO         1489    .text               mc_w.l(llshl.o)
    0x08015f38   0x08015f38   0x00000020   Code   RO         1491    .text               mc_w.l(llushr.o)
    0x08015f58   0x08015f58   0x00000024   Code   RO         1493    .text               mc_w.l(llsshr.o)
    0x08015f7c   0x08015f7c   0x00000000   Code   RO         1504    .text               mc_w.l(iusefp.o)
    0x08015f7c   0x08015f7c   0x0000006e   Code   RO         1505    .text               mf_w.l(fepilogue.o)
    0x08015fea   0x08015fea   0x000000ba   Code   RO         1507    .text               mf_w.l(depilogue.o)
    0x080160a4   0x080160a4   0x0000002e   Code   RO         1509    .text               mf_w.l(dscalb.o)
    0x080160d2   0x080160d2   0x000000a2   Code   RO         1511    .text               mf_w.l(dsqrt.o)
    0x08016174   0x08016174   0x00000030   Code   RO         1513    .text               mf_w.l(dfixul.o)
    0x080161a4   0x080161a4   0x00000024   Code   RO         1515    .text               mc_w.l(init.o)
    0x080161c8   0x080161c8   0x00000056   Code   RO         1525    .text               mc_w.l(__dczerorl2.o)
    0x0801621e   0x0801621e   0x00000002   PAD
    0x08016220   0x08016220   0x00000020   Code   RO         1360    i.__0printf         mc_w.l(printfa.o)
    0x08016240   0x08016240   0x00000028   Code   RO         1362    i.__0sprintf        mc_w.l(printfa.o)
    0x08016268   0x08016268   0x00000024   Code   RO         1366    i.__0vsprintf       mc_w.l(printfa.o)
    0x0801628c   0x0801628c   0x00000028   Code   RO         1466    i.__ARM_fpclassify  m_ws.l(fpclassify.o)
    0x080162b4   0x080162b4   0x000000aa   Code   RO         1468    i.__kernel_poly     m_ws.l(poly.o)
    0x0801635e   0x0801635e   0x00000002   PAD
    0x08016360   0x08016360   0x00000010   Code   RO         1452    i.__mathlib_dbl_divzero  m_ws.l(dunder.o)
    0x08016370   0x08016370   0x00000004   Code   RO         1454    i.__mathlib_dbl_infnan2  m_ws.l(dunder.o)
    0x08016374   0x08016374   0x0000000c   Code   RO         1455    i.__mathlib_dbl_invalid  m_ws.l(dunder.o)
    0x08016380   0x08016380   0x0000000e   Code   RO         1456    i.__mathlib_dbl_overflow  m_ws.l(dunder.o)
    0x0801638e   0x0801638e   0x00000002   PAD
    0x08016390   0x08016390   0x00000010   Code   RO         1458    i.__mathlib_dbl_underflow  m_ws.l(dunder.o)
    0x080163a0   0x080163a0   0x0000000e   Code   RO         1519    i.__scatterload_copy  mc_w.l(handlers.o)
    0x080163ae   0x080163ae   0x00000002   Code   RO         1520    i.__scatterload_null  mc_w.l(handlers.o)
    0x080163b0   0x080163b0   0x0000000e   Code   RO         1521    i.__scatterload_zeroinit  mc_w.l(handlers.o)
    0x080163be   0x080163be   0x00000002   PAD
    0x080163c0   0x080163c0   0x0000000c   Code   RO         1499    i.__set_errno       mc_w.l(errno.o)
    0x080163cc   0x080163cc   0x00000184   Code   RO         1367    i._fp_digits        mc_w.l(printfa.o)
    0x08016550   0x08016550   0x000006dc   Code   RO         1368    i._printf_core      mc_w.l(printfa.o)
    0x08016c2c   0x08016c2c   0x00000024   Code   RO         1369    i._printf_post_padding  mc_w.l(printfa.o)
    0x08016c50   0x08016c50   0x0000002e   Code   RO         1370    i._printf_pre_padding  mc_w.l(printfa.o)
    0x08016c7e   0x08016c7e   0x0000000a   Code   RO         1372    i._sputc            mc_w.l(printfa.o)
    0x08016c88   0x08016c88   0x000000dc   Code   RO         1079    i.floor             m_ws.l(floor.o)
    0x08016d64   0x08016d64   0x00000050   Code   RO         1388    i.free              mc_w.l(malloc.o)
    0x08016db4   0x08016db4   0x0000006c   Code   RO         1389    i.malloc            mc_w.l(malloc.o)
    0x08016e20   0x08016e20   0x000009d8   Code   RO         1083    i.pow               m_ws.l(pow.o)
    0x080177f8   0x080177f8   0x0000004c   Code   RO         1093    i.sqrt              m_ws.l(sqrt.o)
    0x08017844   0x08017844   0x000017c0   Data   RO          301    .constdata          lcd.o
    0x08019004   0x08019004   0x0000000a   Data   RO          438    .constdata          ft5206.o
    0x0801900e   0x0801900e   0x000000c2   Data   RO          454    .constdata          gt9147.o
    0x080190d0   0x080190d0   0x0000000a   Data   RO          470    .constdata          ott2001a.o
    0x080190da   0x080190da   0x00000002   PAD
    0x080190dc   0x080190dc   0x00000004   Data   RO          486    .constdata          touch.o
    0x080190e0   0x080190e0   0x00000018   Data   RO          784    .constdata          malloc.o
    0x080190f8   0x080190f8   0x0000003a   Data   RO          821    .constdata          ff.o
    0x08019132   0x08019132   0x00000002   PAD
    0x08019134   0x08019134   0x00000138   Data   RO          840    .constdata          exfuns.o
    0x0801926c   0x0801926c   0x000003c0   Data   RO          879    .constdata          mycc936.o
    0x0801962c   0x0801962c   0x00000010   Data   RO          934    .constdata          fontupd.o
    0x0801963c   0x0801963c   0x00000007   Data   RO         1055    .constdata          cjson.o
    0x08019643   0x08019643   0x00000005   PAD
    0x08019648   0x08019648   0x00000088   Data   RO         1084    .constdata          m_ws.l(pow.o)
    0x080196d0   0x080196d0   0x00000008   Data   RO         1470    .constdata          m_ws.l(qnan.o)
    0x080196d8   0x080196d8   0x00000079   Data   RO          487    .conststring        touch.o
    0x08019751   0x08019751   0x00000003   PAD
    0x08019754   0x08019754   0x00000060   Data   RO          841    .conststring        exfuns.o
    0x080197b4   0x080197b4   0x00000028   Data   RO          892    .conststring        usmart.o
    0x080197dc   0x080197dc   0x00000084   Data   RO          907    .conststring        usmart_config.o
    0x08019860   0x08019860   0x0000005f   Data   RO          935    .conststring        fontupd.o
    0x080198bf   0x080198bf   0x00000001   PAD
    0x080198c0   0x080198c0   0x000000e9   Data   RO          969    .conststring        lora_ui.o
    0x080199a9   0x080199a9   0x00000003   PAD
    0x080199ac   0x080199ac   0x00000020   Data   RO         1517    Region$$Table       anon$$obj.o


    Execution Region RW_IRAM1 (Exec base: 0x20000000, Load base: 0x080199cc, Size: 0x0000ced8, Max: 0x00010000, ABSOLUTE, COMPRESSED[0x00000104])

    Exec Addr    Load Addr    Size         Type   Attr      Idx    E Section Name        Object

    0x20000000   COMPRESSED   0x00000014   Data   RW          257    .data               system_stm32f10x.o
    0x20000014   COMPRESSED   0x00000001   Data   RW          287    .data               key.o
    0x20000015   COMPRESSED   0x00000001   PAD
    0x20000016   COMPRESSED   0x00000004   Data   RW          302    .data               lcd.o
    0x2000001a   COMPRESSED   0x00000002   Data   RW          346    .data               w25qxx.o
    0x2000001c   COMPRESSED   0x00000010   Data   RW          365    .data               sdio_sdcard.o
    0x2000002c   COMPRESSED   0x00000001   Data   RW          439    .data               ft5206.o
    0x2000002d   COMPRESSED   0x00000001   Data   RW          455    .data               gt9147.o
    0x2000002e   COMPRESSED   0x00000001   Data   RW          471    .data               ott2001a.o
    0x2000002f   COMPRESSED   0x00000001   PAD
    0x20000030   COMPRESSED   0x00000036   Data   RW          488    .data               touch.o
    0x20000066   COMPRESSED   0x00000002   PAD
    0x20000068   COMPRESSED   0x00000008   Data   RW          527    .data               usart3.o
    0x20000070   COMPRESSED   0x00000004   Data   RW          588    .data               delay.o
    0x20000074   COMPRESSED   0x00000006   Data   RW          620    .data               usart.o
    0x2000007a   COMPRESSED   0x00000014   Data   RW          695    .data               stm32f10x_rcc.o
    0x2000008e   COMPRESSED   0x00000002   PAD
    0x20000090   COMPRESSED   0x0000001c   Data   RW          785    .data               malloc.o
    0x200000ac   COMPRESSED   0x00000002   Data   RW          803    .data               diskio.o
    0x200000ae   COMPRESSED   0x00000002   PAD
    0x200000b0   COMPRESSED   0x0000000a   Data   RW          822    .data               ff.o
    0x200000ba   COMPRESSED   0x00000002   PAD
    0x200000bc   COMPRESSED   0x0000001c   Data   RW          842    .data               exfuns.o
    0x200000d8   COMPRESSED   0x0000001c   Data   RW          893    .data               usmart.o
    0x200000f4   COMPRESSED   0x0000010c   Data   RW          908    .data               usmart_config.o
    0x20000200   COMPRESSED   0x0000008d   Data   RW          970    .data               lora_ui.o
    0x2000028d   COMPRESSED   0x00000003   PAD
    0x20000290   COMPRESSED   0x0000001f   Data   RW          987    .data               lora_app.o
    0x200002af   COMPRESSED   0x00000001   PAD
    0x200002b0   COMPRESSED   0x00000004   Data   RW         1027    .data               humanbodyinduction.o
    0x200002b4   COMPRESSED   0x0000000c   Data   RW         1056    .data               cjson.o
    0x200002c0   COMPRESSED   0x00000004   Data   RW         1495    .data               mc_w.l(mvars.o)
    0x200002c4   COMPRESSED   0x00000004   Data   RW         1496    .data               mc_w.l(mvars.o)
    0x200002c8   COMPRESSED   0x00000004   Data   RW         1500    .data               mc_w.l(errno.o)
    0x200002cc        -       0x0000000e   Zero   RW          300    .bss                lcd.o
    0x200002da        -       0x00001000   Zero   RW          345    .bss                w25qxx.o
    0x200012da   COMPRESSED   0x00000006   PAD
    0x200012e0        -       0x000002c0   Zero   RW          364    .bss                sdio_sdcard.o
    0x200015a0        -       0x00000810   Zero   RW          526    .bss                usart3.o
    0x20001db0        -       0x000000c8   Zero   RW          619    .bss                usart.o
    0x20001e78   COMPRESSED   0x00000008   PAD
    0x20001e80        -       0x0000aa00   Zero   RW          783    .bss                malloc.o
    0x2000c880        -       0x00000021   Zero   RW          933    .bss                fontupd.o
    0x2000c8a1   COMPRESSED   0x00000003   PAD
    0x2000c8a4        -       0x00000034   Zero   RW         1009    .bss                dashboard.o
    0x2000c8d8        -       0x00000200   Zero   RW          652    HEAP                startup_stm32f10x_hd.o
    0x2000cad8        -       0x00000400   Zero   RW          651    STACK               startup_stm32f10x_hd.o



  Load Region LR$$.ARM.__AT_0x68000000 (Base: 0x68000000, Size: 0x00000000, Max: 0x000f0000, ABSOLUTE)

    Execution Region ER$$.ARM.__AT_0x68000000 (Exec base: 0x68000000, Load base: 0x68000000, Size: 0x000f0000, Max: 0x000f0000, ABSOLUTE, UNINIT)

    Exec Addr    Load Addr    Size         Type   Attr      Idx    E Section Name        Object

    0x68000000        -       0x000f0000   Zero   RW          781    .ARM.__AT_0x68000000  malloc.o



  Load Region LR$$.ARM.__AT_0x680F0000 (Base: 0x680f0000, Size: 0x00000000, Max: 0x0000f000, ABSOLUTE)

    Execution Region ER$$.ARM.__AT_0x680F0000 (Exec base: 0x680f0000, Load base: 0x680f0000, Size: 0x0000f000, Max: 0x0000f000, ABSOLUTE, UNINIT)

    Exec Addr    Load Addr    Size         Type   Attr      Idx    E Section Name        Object

    0x680f0000        -       0x0000f000   Zero   RW          782    .ARM.__AT_0x680F0000  malloc.o


==============================================================================

Image component sizes


      Code (inc. data)   RO Data    RW Data    ZI Data      Debug   Object Name

       378          0          0          0          0       2754   24cxx.o
       900         48          0          0          0       1691   adc.o
        56         14          0          0          0        408   beep.o
      6784        208          7         12          0      22684   cjson.o
       644         24          0          0          0       2029   ctiic.o
      1792        540          0          0         52       4592   dashboard.o
       212         18          0          4          0        995   delay.o
       512          8          0          2          0       4222   diskio.o
       424         22        408         28          0       2688   exfuns.o
     13028        144         58         10          0      37518   ff.o
      1488        158        111          0         33       4136   fontupd.o
       824         38         10          1          0       2479   ft5206.o
      1112         74        194          1          0       3010   gt9147.o
       320         16          0          4          0       1543   humanbodyinduction.o
       252         12          0          1          0        816   key.o
     19036        162       6080          4         14      22158   lcd.o
        76          8          0          0          0        471   led.o
      1348        270          0         31          0       3109   lora_app.o
      5180        688        233        141          0       7202   lora_ui.o
       100          8          0          0          0        659   lsens.o
       700        182          0          0          0     291936   main.o
       556         18         24         28    1088000       4592   malloc.o
       220         22          0          0          0       1753   misc.o
       204         12        960          0          0       1561   mycc936.o
       620         14          0          0          0       1860   myiic.o
       876         56         10          1          0       2635   ott2001a.o
       456         26          0          0          0        789   rgbled.o
      7228        260          0         16        704      25084   sdio_sdcard.o
       264         10          0          0          0       1097   spi.o
        36          8        304          0       1536        768   startup_stm32f10x_hd.o
       596          8          0          0          0       4314   stm32f10x_dma.o
       284         10          0          0          0       2207   stm32f10x_exti.o
      1548         18          0          0          0       5327   stm32f10x_fsmc.o
       860         38          0          0          0       5685   stm32f10x_gpio.o
        26          0          0          0          0       1154   stm32f10x_it.o
       932         36          0         20          0       8836   stm32f10x_rcc.o
       468         22          0          0          0       7072   stm32f10x_sdio.o
       780         14          0          0          0       6566   stm32f10x_spi.o
      3610         88          0          0          0      22792   stm32f10x_tim.o
      1032         22          0          0          0       8408   stm32f10x_usart.o
        12          0          0          0          0        595   sys.o
       480         38          0         20          0       1667   system_stm32f10x.o
       724         16          0          0          0       3076   text.o
       176          8          0          0          0        944   timer.o
      4020        222        125         54          0       6769   touch.o
       320         18          0          6        200       3090   usart.o
       616         46          0          8       2064       3127   usart3.o
      3128       1288         40         28          0       4302   usmart.o
         0          0        132        268          0       1460   usmart_config.o
      1320         12          0          0          0       5177   usmart_str.o
       872         30          0          2       4096       4405   w25qxx.o

    ----------------------------------------------------------------------
     87436       5002       8744        704    1096716     564212   Object Totals
         0          0         32          0          0          0   (incl. Generated)
         6          0         16         14         17          0   (incl. Padding)

    ----------------------------------------------------------------------

      Code (inc. data)   RO Data    RW Data    ZI Data      Debug   Library Member Name

        62         10          0          0          0        340   dunder.o
       220         16          0          0          0         84   floor.o
        40          0          0          0          0         68   fpclassify.o
       170          0          0          0          0         96   poly.o
      2520        190        136          0          0        324   pow.o
         0          0          8          0          0          0   qnan.o
        76          0          0          0          0         84   sqrt.o
        86          0          0          0          0          0   __dczerorl2.o
         0          0          0          0          0          0   entry.o
         0          0          0          0          0          0   entry10a.o
         0          0          0          0          0          0   entry11a.o
         8          4          0          0          0          0   entry2.o
         4          0          0          0          0          0   entry5.o
         0          0          0          0          0          0   entry7b.o
         0          0          0          0          0          0   entry8b.o
         8          4          0          0          0          0   entry9a.o
        12          6          0          4          0         68   errno.o
        30          0          0          0          0          0   handlers.o
        36          8          0          0          0         68   init.o
         0          0          0          0          0          0   iusefp.o
        98          0          0          0          0         84   ldiv.o
        30          0          0          0          0         68   llshl.o
        36          0          0          0          0         68   llsshr.o
        32          0          0          0          0         68   llushr.o
       188         20          0          0          0        160   malloc.o
        36          0          0          0          0         68   memcpya.o
        36          0          0          0          0        108   memseta.o
         0          0          0          8          0          0   mvars.o
      2344        102          0          0          0        684   printfa.o
        24          0          0          0          0         68   strcat.o
        20          0          0          0          0         68   strchr.o
        28          0          0          0          0         76   strcmp.o
        18          0          0          0          0         68   strcpy.o
        14          0          0          0          0         68   strlen.o
        30          0          0          0          0         80   strncmp.o
        36          0          0          0          0         80   strstr.o
        12          0          0          0          0         68   tolower.o
        44          0          0          0          0         80   uidiv.o
        98          0          0          0          0         92   uldiv.o
        48          0          0          0          0         68   cdcmple.o
        48          0          0          0          0         68   cdrcmple.o
        20          0          0          0          0         68   cfcmple.o
       334          0          0          0          0        148   dadd.o
       222          0          0          0          0        100   ddiv.o
       186          0          0          0          0        176   depilogue.o
        62          0          0          0          0         80   dfixi.o
        50          0          0          0          0         76   dfixui.o
        48          0          0          0          0         68   dfixul.o
        34          0          0          0          0         76   dflti.o
        26          0          0          0          0         76   dfltui.o
       228          0          0          0          0         96   dmul.o
        46          0          0          0          0         80   dscalb.o
       162          0          0          0          0        100   dsqrt.o
        38          0          0          0          0         68   f2d.o
       176          0          0          0          0        140   fadd.o
       124          0          0          0          0         88   fdiv.o
       110          0          0          0          0        168   fepilogue.o
        50          0          0          0          0         68   ffixi.o
        40          0          0          0          0         68   ffixui.o
        18          0          0          0          0         68   fflti.o
        10          0          0          0          0         68   ffltui.o
       100          0          0          0          0         76   fmul.o

    ----------------------------------------------------------------------
      8584        360        144         12          0       5280   Library Totals
         8          0          0          0          0          0   (incl. Padding)

    ----------------------------------------------------------------------

      Code (inc. data)   RO Data    RW Data    ZI Data      Debug   Library Name

      3088        216        144          0          0        996   m_ws.l
      3308        144          0         12          0       2192   mc_w.l
      2180          0          0          0          0       2092   mf_w.l

    ----------------------------------------------------------------------
      8584        360        144         12          0       5280   Library Totals

    ----------------------------------------------------------------------

==============================================================================


      Code (inc. data)   RO Data    RW Data    ZI Data      Debug   

     96020       5362       8888        716    1096716     562392   Grand Totals
     96020       5362       8888        260    1096716     562392   ELF Image Totals (compressed)
     96020       5362       8888        260          0          0   ROM Totals

==============================================================================

    Total RO  Size (Code + RO Data)               104908 ( 102.45kB)
    Total RW  Size (RW Data + ZI Data)           1097432 (1071.71kB)
    Total ROM Size (Code + RO Data + RW Data)     105168 ( 102.70kB)

==============================================================================

